Archive member included to satisfy reference by file (symbol)

app/libapp.a(bme68x.c.obj)    (--whole-archive)
app/libapp.a(bme688.c.obj)    (--whole-archive)
app/libapp.a(main.c.obj)      (--whole-archive)
app/libapp.a(bme688Facade.c.obj)
                              (--whole-archive)
zephyr/libzephyr.a(cpp_init.c.obj)
                              (--whole-archive)
zephyr/libzephyr.a(cpp_init_array.c.obj)
                              (--whole-archive)
zephyr/libzephyr.a(cpp_ctors.c.obj)
                              (--whole-archive)
zephyr/libzephyr.a(cpp_dtors.c.obj)
                              (--whole-archive)
zephyr/libzephyr.a(heap.c.obj)
                              (--whole-archive)
zephyr/libzephyr.a(cbprintf_packaged.c.obj)
                              (--whole-archive)
zephyr/libzephyr.a(printk.c.obj)
                              (--whole-archive)
zephyr/libzephyr.a(sem.c.obj)
                              (--whole-archive)
zephyr/libzephyr.a(thread_entry.c.obj)
                              (--whole-archive)
zephyr/libzephyr.a(cbprintf_complete.c.obj)
                              (--whole-archive)
zephyr/libzephyr.a(cbprintf.c.obj)
                              (--whole-archive)
zephyr/libzephyr.a(assert.c.obj)
                              (--whole-archive)
zephyr/libzephyr.a(dec.c.obj)
                              (--whole-archive)
zephyr/libzephyr.a(hex.c.obj)
                              (--whole-archive)
zephyr/libzephyr.a(rb.c.obj)  (--whole-archive)
zephyr/libzephyr.a(timeutil.c.obj)
                              (--whole-archive)
zephyr/libzephyr.a(bitarray.c.obj)
                              (--whole-archive)
zephyr/libzephyr.a(onoff.c.obj)
                              (--whole-archive)
zephyr/libzephyr.a(notify.c.obj)
                              (--whole-archive)
zephyr/libzephyr.a(configs.c.obj)
                              (--whole-archive)
zephyr/libzephyr.a(log_core.c.obj)
                              (--whole-archive)
zephyr/libzephyr.a(log_mgmt.c.obj)
                              (--whole-archive)
zephyr/libzephyr.a(log_cache.c.obj)
                              (--whole-archive)
zephyr/libzephyr.a(log_msg.c.obj)
                              (--whole-archive)
zephyr/libzephyr.a(log_output.c.obj)
                              (--whole-archive)
zephyr/libzephyr.a(log_backend_rtt.c.obj)
                              (--whole-archive)
zephyr/libzephyr.a(log_backend_uart.c.obj)
                              (--whole-archive)
zephyr/libzephyr.a(mem_attr.c.obj)
                              (--whole-archive)
zephyr/libzephyr.a(tracing_none.c.obj)
                              (--whole-archive)
zephyr/libzephyr.a(banner.c.obj)
                              (--whole-archive)
zephyr/libzephyr.a(nrf_cc3xx_platform_abort_zephyr.c.obj)
                              (--whole-archive)
zephyr/libzephyr.a(nrf_cc3xx_platform_mutex_zephyr.c.obj)
                              (--whole-archive)
zephyr/arch/common/libarch__common.a(sw_isr_common.c.obj)
                              (--whole-archive)
zephyr/arch/arch/arm/core/libarch__arm__core.a(fatal.c.obj)
                              (--whole-archive)
zephyr/arch/arch/arm/core/libarch__arm__core.a(nmi.c.obj)
                              (--whole-archive)
zephyr/arch/arch/arm/core/libarch__arm__core.a(nmi_on_reset.S.obj)
                              (--whole-archive)
zephyr/arch/arch/arm/core/libarch__arm__core.a(__aeabi_atexit.c.obj)
                              (--whole-archive)
zephyr/arch/arch/arm/core/cortex_m/libarch__arm__core__cortex_m.a(exc_exit.c.obj)
                              (--whole-archive)
zephyr/arch/arch/arm/core/cortex_m/libarch__arm__core__cortex_m.a(fault.c.obj)
                              (--whole-archive)
zephyr/arch/arch/arm/core/cortex_m/libarch__arm__core__cortex_m.a(fault_s.S.obj)
                              (--whole-archive)
zephyr/arch/arch/arm/core/cortex_m/libarch__arm__core__cortex_m.a(fpu.c.obj)
                              (--whole-archive)
zephyr/arch/arch/arm/core/cortex_m/libarch__arm__core__cortex_m.a(reset.S.obj)
                              (--whole-archive)
zephyr/arch/arch/arm/core/cortex_m/libarch__arm__core__cortex_m.a(scb.c.obj)
                              (--whole-archive)
zephyr/arch/arch/arm/core/cortex_m/libarch__arm__core__cortex_m.a(thread_abort.c.obj)
                              (--whole-archive)
zephyr/arch/arch/arm/core/cortex_m/libarch__arm__core__cortex_m.a(vector_table.S.obj)
                              (--whole-archive)
zephyr/arch/arch/arm/core/cortex_m/libarch__arm__core__cortex_m.a(swap.c.obj)
                              (--whole-archive)
zephyr/arch/arch/arm/core/cortex_m/libarch__arm__core__cortex_m.a(swap_helper.S.obj)
                              (--whole-archive)
zephyr/arch/arch/arm/core/cortex_m/libarch__arm__core__cortex_m.a(irq_manage.c.obj)
                              (--whole-archive)
[...]
Memory Configuration

Name             Origin             Length             Attributes
FLASH            0x0000000000000000 0x0000000000100000 xr
RAM              0x0000000020000000 0x0000000000040000 xw
IDT_LIST         0x00000000ffff7fff 0x0000000000008000 xw
*default*        0x0000000000000000 0xffffffffffffffff

Linker script and memory map

LOAD zephyr/CMakeFiles/zephyr_final.dir/misc/empty_file.c.obj
LOAD zephyr/CMakeFiles/zephyr_final.dir/isr_tables.c.obj
LOAD zephyr/CMakeFiles/offsets.dir/./arch/arm/core/offsets/offsets.c.obj
LOAD app/libapp.a
LOAD zephyr/libzephyr.a
LOAD zephyr/arch/common/libarch__common.a
LOAD zephyr/arch/arch/arm/core/libarch__arm__core.a
LOAD zephyr/arch/arch/arm/core/cortex_m/libarch__arm__core__cortex_m.a
LOAD zephyr/arch/arch/arm/core/mpu/libarch__arm__core__mpu.a
LOAD zephyr/lib/libc/newlib/liblib__libc__newlib.a
LOAD zephyr/lib/libc/common/liblib__libc__common.a
LOAD zephyr/soc/soc/nrf52840/libsoc__nordic.a
LOAD zephyr/drivers/adc/libdrivers__adc.a
LOAD zephyr/drivers/clock_control/libdrivers__clock_control.a
LOAD zephyr/drivers/console/libdrivers__console.a
LOAD zephyr/drivers/gpio/libdrivers__gpio.a
LOAD zephyr/drivers/i2c/libdrivers__i2c.a
LOAD zephyr/drivers/pinctrl/libdrivers__pinctrl.a
LOAD zephyr/drivers/sensor/nordic/temp/libdrivers__sensor__nordic__temp.a
LOAD zephyr/drivers/serial/libdrivers__serial.a
LOAD zephyr/drivers/timer/libdrivers__timer.a
LOAD modules/nrf/drivers/hw_cc3xx/lib..__nrf__drivers__hw_cc3xx.a
LOAD modules/hal_nordic/nrfx/libmodules__hal_nordic__nrfx.a
LOAD modules/segger/libmodules__segger.a
LOAD zephyr/kernel/libkernel.a
LOAD /opt/nordic/ncs/toolchains/f8037e9b83/opt/zephyr-sdk/arm-zephyr-eabi/bin/../lib/gcc/arm-zephyr-eabi/12.2.0/thumb/v7e-m/nofp/libgcc.a
LOAD zephyr/arch/common/libisr_tables.a
LOAD /opt/nordic/ncs/toolchains/f8037e9b83/opt/zephyr-sdk/arm-zephyr-eabi/arm-zephyr-eabi/lib/thumb/v7e-m/nofp/libstdc++.a
LOAD /opt/nordic/ncs/toolchains/f8037e9b83/opt/zephyr-sdk/arm-zephyr-eabi/arm-zephyr-eabi/lib/thumb/v7e-m/nofp/libm.a
LOAD /opt/nordic/ncs/toolchains/f8037e9b83/opt/zephyr-sdk/arm-zephyr-eabi/arm-zephyr-eabi/lib/thumb/v7e-m/nofp/libc.a
LOAD /opt/nordic/ncs/toolchains/f8037e9b83/opt/zephyr-sdk/arm-zephyr-eabi/bin/../lib/gcc/arm-zephyr-eabi/12.2.0/thumb/v7e-m/nofp/libgcc.a
LOAD /opt/nordic/ncs/toolchains/f8037e9b83/opt/zephyr-sdk/arm-zephyr-eabi/arm-zephyr-eabi/lib/thumb/v7e-m/nofp/libc.a
LOAD /opt/nordic/ncs/v2.7.0/nrfxlib/crypto/nrf_cc310_platform/lib/cortex-m4/soft-float/no-interrupts/libnrf_cc310_platform_0.9.19.a
LOAD /opt/nordic/ncs/toolchains/f8037e9b83/opt/zephyr-sdk/arm-zephyr-eabi/arm-zephyr-eabi/lib/thumb/v7e-m/nofp/libc.a
                0x0000000000000020                _region_min_align = 0x20

.rel.plt        0x0000000000000000        0x0
 *(SORT_BY_ALIGNMENT(.rel.plt))
                [!provide]                        PROVIDE (__rel_iplt_start = .)
 *(SORT_BY_ALIGNMENT(.rel.iplt))
 .rel.iplt      0x0000000000000000        0x0 zephyr/CMakeFiles/zephyr_final.dir/isr_tables.c.obj
                [!provide]                        PROVIDE (__rel_iplt_end = .)

.rela.plt       0x0000000000000000        0x0
 *(SORT_BY_ALIGNMENT(.rela.plt))
                [!provide]                        PROVIDE (__rela_iplt_start = .)
 *(SORT_BY_ALIGNMENT(.rela.iplt))
                [!provide]                        PROVIDE (__rela_iplt_end = .)

.rel.dyn
 *(SORT_BY_ALIGNMENT(.rel.*))

.rela.dyn
 *(SORT_BY_ALIGNMENT(.rela.*))

/DISCARD/
 *(SORT_BY_ALIGNMENT(.plt))

/DISCARD/
 *(SORT_BY_ALIGNMENT(.iplt))
                0x0000000000000000                __rom_region_start = 0x0

rom_start       0x0000000000000000      0x100
                0x0000000000000000                __rom_start_address = .
 FILL mask 0x00
                0x0000000000000000                . = (. + (0x0 - (. - __rom_start_address)))
                0x0000000000000000                . = ALIGN (0x4)
                0x0000000000000000                . = ALIGN (0x80)
                0x0000000000000000                . = ALIGN (0x100)
                0x0000000000000000                _vector_start = .
 *(SORT_BY_ALIGNMENT(.exc_vector_table))
 *(SORT_BY_ALIGNMENT(.exc_vector_table.*))
 .exc_vector_table._vector_table_section
                0x0000000000000000       0x40 zephyr/arch/arch/arm/core/cortex_m/libarch__arm__core__cortex_m.a(vector_table.S.obj)
                0x0000000000000000                _vector_table
 *(SORT_BY_ALIGNMENT(.vectors))
                0x0000000000000100                _vector_end = .
                0x0000000000000040                . = ALIGN (0x4)
 *(SORT_BY_ALIGNMENT(.gnu.linkonce.irq_vector_table*))
 .gnu.linkonce.irq_vector_table
                0x0000000000000040       0xc0 zephyr/CMakeFiles/zephyr_final.dir/isr_tables.c.obj
                0x0000000000000040                _irq_vector_table
                0x0000000000000100                _vector_end = .

text            0x0000000000000100     0xf624
                0x0000000000000100                __text_region_start = .
 *(SORT_BY_ALIGNMENT(.text))
 .text          0x0000000000000100       0xdc /opt/nordic/ncs/toolchains/f8037e9b83/opt/zephyr-sdk/arm-zephyr-eabi/arm-zephyr-eabi/lib/thumb/v7e-m/nofp/libc.a(lib_a-strlen.o)
                0x0000000000000100                strlen
 *fill*         0x00000000000001dc        0x4 
 .text          0x00000000000001e0       0xa0 /opt/nordic/ncs/toolchains/f8037e9b83/opt/zephyr-sdk/arm-zephyr-eabi/arm-zephyr-eabi/lib/thumb/v7e-m/nofp/libc.a(lib_a-memchr.o)
                0x00000000000001e0                memchr
 .text          0x0000000000000280      0x378 /opt/nordic/ncs/toolchains/f8037e9b83/opt/zephyr-sdk/arm-zephyr-eabi/bin/../lib/gcc/arm-zephyr-eabi/12.2.0/thumb/v7e-m/nofp/libgcc.a(_arm_addsubdf3.o)
                0x0000000000000280                __aeabi_drsub
                0x0000000000000288                __subdf3
                0x0000000000000288                __aeabi_dsub
                0x000000000000028c                __aeabi_dadd
                0x000000000000028c                __adddf3
                0x0000000000000504                __aeabi_ui2d
                0x0000000000000504                __floatunsidf
                0x0000000000000524                __floatsidf
                0x0000000000000524                __aeabi_i2d
                0x0000000000000548                __extendsfdf2
                0x0000000000000548                __aeabi_f2d
                0x000000000000058c                __aeabi_ul2d
                0x000000000000058c                __floatundidf
                0x000000000000059c                __aeabi_l2d
                0x000000000000059c                __floatdidf
 .text          0x00000000000005f8      0x424 /opt/nordic/ncs/toolchains/f8037e9b83/opt/zephyr-sdk/arm-zephyr-eabi/bin/../lib/gcc/arm-zephyr-eabi/12.2.0/thumb/v7e-m/nofp/libgcc.a(_arm_muldivdf3.o)
                0x00000000000005f8                __aeabi_dmul
                0x00000000000005f8                __muldf3
                0x000000000000084c                __aeabi_ddiv
                0x000000000000084c                __divdf3
 .text          0x0000000000000a1c      0x21c /opt/nordic/ncs/toolchains/f8037e9b83/opt/zephyr-sdk/arm-zephyr-eabi/bin/../lib/gcc/arm-zephyr-eabi/12.2.0/thumb/v7e-m/nofp/libgcc.a(_arm_addsubsf3.o)
                0x0000000000000a1c                __aeabi_frsub
                0x0000000000000a24                __aeabi_fsub
                0x0000000000000a24                __subsf3
                0x0000000000000a28                __aeabi_fadd
                0x0000000000000a28                __addsf3
                0x0000000000000b88                __aeabi_ui2f
                0x0000000000000b88                __floatunsisf
                0x0000000000000b90                __floatsisf
                0x0000000000000b90                __aeabi_i2f
                0x0000000000000bac                __aeabi_ul2f
                0x0000000000000bac                __floatundisf
                0x0000000000000bbc                __aeabi_l2f
                0x0000000000000bbc                __floatdisf
 .text          0x0000000000000c38      0x2a0 /opt/nordic/ncs/toolchains/f8037e9b83/opt/zephyr-sdk/arm-zephyr-eabi/bin/../lib/gcc/arm-zephyr-eabi/12.2.0/thumb/v7e-m/nofp/libgcc.a(_arm_muldivsf3.o)
                0x0000000000000c38                __mulsf3
                0x0000000000000c38                __aeabi_fmul
                0x0000000000000da0                __divsf3
                0x0000000000000da0                __aeabi_fdiv
 .text          0x0000000000000ed8       0xec /opt/nordic/ncs/toolchains/f8037e9b83/opt/zephyr-sdk/arm-zephyr-eabi/bin/../lib/gcc/arm-zephyr-eabi/12.2.0/thumb/v7e-m/nofp/libgcc.a(_arm_cmpsf2.o)
                0x0000000000000ed8                __gesf2
                0x0000000000000ed8                __gtsf2
                0x0000000000000ee0                __ltsf2
                0x0000000000000ee0                __lesf2
                0x0000000000000ee8                __nesf2
                0x0000000000000ee8                __eqsf2
                0x0000000000000ee8                __cmpsf2
                0x0000000000000f48                __aeabi_cfrcmple
                0x0000000000000f50                __aeabi_cfcmpeq
                0x0000000000000f50                __aeabi_cfcmple
                0x0000000000000f60                __aeabi_fcmpeq
                0x0000000000000f74                __aeabi_fcmplt
                0x0000000000000f88                __aeabi_fcmple
                0x0000000000000f9c                __aeabi_fcmpge
                0x0000000000000fb0                __aeabi_fcmpgt
 .text          0x0000000000000fc4       0x4c /opt/nordic/ncs/toolchains/f8037e9b83/opt/zephyr-sdk/arm-zephyr-eabi/bin/../lib/gcc/arm-zephyr-eabi/12.2.0/thumb/v7e-m/nofp/libgcc.a(_arm_fixsfsi.o)
                0x0000000000000fc4                __fixsfsi
                0x0000000000000fc4                __aeabi_f2iz
 .text          0x0000000000001010       0x40 /opt/nordic/ncs/toolchains/f8037e9b83/opt/zephyr-sdk/arm-zephyr-eabi/bin/../lib/gcc/arm-zephyr-eabi/12.2.0/thumb/v7e-m/nofp/libgcc.a(_arm_fixunssfsi.o)
                0x0000000000001010                __aeabi_f2uiz
                0x0000000000001010                __fixunssfsi
 .text          0x0000000000001050       0x30 /opt/nordic/ncs/toolchains/f8037e9b83/opt/zephyr-sdk/arm-zephyr-eabi/bin/../lib/gcc/arm-zephyr-eabi/12.2.0/thumb/v7e-m/nofp/libgcc.a(_aeabi_uldivmod.o)
                0x0000000000001050                __aeabi_uldivmod
 .text          0x0000000000001080        0x4 /opt/nordic/ncs/toolchains/f8037e9b83/opt/zephyr-sdk/arm-zephyr-eabi/bin/../lib/gcc/arm-zephyr-eabi/12.2.0/thumb/v7e-m/nofp/libgcc.a(_dvmd_tls.o)
                0x0000000000001080                __aeabi_ldiv0
                0x0000000000001080                __aeabi_idiv0
 .text          0x0000000000001084      0x110 /opt/nordic/ncs/toolchains/f8037e9b83/opt/zephyr-sdk/arm-zephyr-eabi/bin/../lib/gcc/arm-zephyr-eabi/12.2.0/thumb/v7e-m/nofp/libgcc.a(_arm_cmpdf2.o)
                0x0000000000001084                __gedf2
                0x0000000000001084                __gtdf2
                0x000000000000108c                __ledf2
                0x000000000000108c                __ltdf2
                0x0000000000001094                __cmpdf2
                0x0000000000001094                __eqdf2
                0x0000000000001094                __nedf2
                0x0000000000001110                __aeabi_cdrcmple
                0x0000000000001120                __aeabi_cdcmple
                0x0000000000001120                __aeabi_cdcmpeq
                0x0000000000001130                __aeabi_dcmpeq
                0x0000000000001144                __aeabi_dcmplt
                0x0000000000001158                __aeabi_dcmple
                0x000000000000116c                __aeabi_dcmpge
                0x0000000000001180                __aeabi_dcmpgt
 .text          0x0000000000001194      0x134 /opt/nordic/ncs/toolchains/f8037e9b83/opt/zephyr-sdk/arm-zephyr-eabi/arm-zephyr-eabi/lib/thumb/v7e-m/nofp/libc.a(lib_a-memcpy.o)
                0x0000000000001194                memcpy
 .text          0x00000000000012c8       0x2c /opt/nordic/ncs/toolchains/f8037e9b83/opt/zephyr-sdk/arm-zephyr-eabi/bin/../lib/gcc/arm-zephyr-eabi/12.2.0/thumb/v7e-m/nofp/libgcc.a(_arm_unorddf2.o)
                0x00000000000012c8                __aeabi_dcmpun
                0x00000000000012c8                __unorddf2
 .text          0x00000000000012f4       0x50 /opt/nordic/ncs/toolchains/f8037e9b83/opt/zephyr-sdk/arm-zephyr-eabi/bin/../lib/gcc/arm-zephyr-eabi/12.2.0/thumb/v7e-m/nofp/libgcc.a(_arm_fixdfsi.o)
                0x00000000000012f4                __fixdfsi
                0x00000000000012f4                __aeabi_d2iz
 .text          0x0000000000001344      0x2a0 /opt/nordic/ncs/toolchains/f8037e9b83/opt/zephyr-sdk/arm-zephyr-eabi/bin/../lib/gcc/arm-zephyr-eabi/12.2.0/thumb/v7e-m/nofp/libgcc.a(_udivmoddi4.o)
                0x0000000000001344                __udivmoddi4
 *(SORT_BY_ALIGNMENT(.text.*))
 *fill*         0x00000000000015e4        0x4 
 .text._dtoa_r  0x00000000000015e8      0xe48 /opt/nordic/ncs/toolchains/f8037e9b83/opt/zephyr-sdk/arm-zephyr-eabi/arm-zephyr-eabi/lib/thumb/v7e-m/nofp/libc.a(lib_a-dtoa.o)
                0x00000000000015e8                _dtoa_r
 .text.calc_temperature
                0x0000000000002430       0x9c app/libapp.a(bme68x.c.obj)
 .text.calc_pressure
                0x00000000000024cc      0x1c0 app/libapp.a(bme68x.c.obj)
 .text.calc_humidity
                0x000000000000268c      0x120 app/libapp.a(bme68x.c.obj)
 .text.calc_res_heat
                0x00000000000027ac      0x10c app/libapp.a(bme68x.c.obj)
 .text.calc_gas_resistance_low.isra.0
                0x00000000000028b8       0xec app/libapp.a(bme68x.c.obj)
 .text.bme68x_set_conf
                0x00000000000029a4      0x138 app/libapp.a(bme68x.c.obj)
                0x00000000000029a4                bme68x_set_conf
 .text.bme68x_get_meas_dur
                0x0000000000002adc       0x84 app/libapp.a(bme68x.c.obj)
                0x0000000000002adc                bme68x_get_meas_dur
 .text.bme68x_get_data
                0x0000000000002b60      0x410 app/libapp.a(bme68x.c.obj)
                0x0000000000002b60                bme68x_get_data
 .text.bme68x_set_heatr_conf
                0x0000000000002f70      0x260 app/libapp.a(bme68x.c.obj)
                0x0000000000002f70                bme68x_set_heatr_conf
 .text.bme688_channel_get
                0x00000000000031d0       0xc0 app/libapp.a(bme688.c.obj)
 .text.bme68x_i2c_read
                0x0000000000003290       0x48 app/libapp.a(bme688.c.obj)
                0x0000000000003290                bme68x_i2c_read
 .text.bme68x_delay_us
                0x00000000000032d8       0x28 app/libapp.a(bme688.c.obj)
                0x00000000000032d8                bme68x_delay_us
 .text.bme68x_i2c_write
                0x0000000000003300       0x4c app/libapp.a(bme688.c.obj)
                0x0000000000003300                bme68x_i2c_write
 .text.bme68x_check_rslt
                0x000000000000334c       0x74 app/libapp.a(bme688.c.obj)
                0x000000000000334c                bme68x_check_rslt
 .text.bme688_set_mode_forced
                0x00000000000033c0       0x68 app/libapp.a(bme688.c.obj)
                0x00000000000033c0                bme688_set_mode_forced
 .text.bme688_init
                0x0000000000003428       0x48 app/libapp.a(bme688.c.obj)
                0x0000000000003428                bme688_init
 .text.bme688_set_mode_parallel
                0x0000000000003470       0xb0 app/libapp.a(bme688.c.obj)
                0x0000000000003470                bme688_set_mode_parallel
 .text.bme688_set_mode_sequencial
                0x0000000000003520       0x8c app/libapp.a(bme688.c.obj)
                0x0000000000003520                bme688_set_mode_sequencial
 .text.bme688_set_mode_default_conf
                0x00000000000035ac       0x4c app/libapp.a(bme688.c.obj)
                0x00000000000035ac                bme688_set_mode_default_conf
 .text.wait_for_forced
                0x00000000000035f8       0x50 app/libapp.a(bme688.c.obj)
                0x00000000000035f8                wait_for_forced
 .text.wait_for_parallel
                0x0000000000003648       0x50 app/libapp.a(bme688.c.obj)
                0x0000000000003648                wait_for_parallel
 .text.wait_for_sequencial
                0x0000000000003698       0x50 app/libapp.a(bme688.c.obj)
                0x0000000000003698                wait_for_sequencial
 .text.bme688_wait_for_measure
                0x00000000000036e8       0x24 app/libapp.a(bme688.c.obj)
                0x00000000000036e8                bme688_wait_for_measure
 .text.bme688_sample_fetch
                0x000000000000370c       0x34 app/libapp.a(bme688.c.obj)
                0x000000000000370c                bme688_sample_fetch
 .text.bme688_data_get
                0x0000000000003740       0x90 app/libapp.a(bme688.c.obj)
                0x0000000000003740                bme688_data_get
 .text.start_bme688
                0x00000000000037d0       0xb4 app/libapp.a(bme688Facade.c.obj)
                0x00000000000037d0                start_bme688
 .text.bme688_get_data
                0x0000000000003884      0x120 app/libapp.a(bme688Facade.c.obj)
                0x0000000000003884                bme688_get_data
 .text.__do_init_array_aux
                0x00000000000039a4       0x1c zephyr/libzephyr.a(cpp_init_array.c.obj)
                0x00000000000039a4                __do_init_array_aux
 .text.__do_global_ctors_aux
                0x00000000000039c0       0x1c zephyr/libzephyr.a(cpp_ctors.c.obj)
                0x00000000000039c0                __do_global_ctors_aux
 .text.cbvprintf_package
                0x00000000000039dc      0x3a4 zephyr/libzephyr.a(cbprintf_packaged.c.obj)
                0x00000000000039dc                cbvprintf_package
 .text.__printk_hook_install
                0x0000000000003d80        0xc zephyr/libzephyr.a(printk.c.obj)
                0x0000000000003d80                __printk_hook_install
 .text.extract_decimal
                0x0000000000003d8c       0x2c zephyr/libzephyr.a(cbprintf_complete.c.obj)
 .text.encode_uint
                0x0000000000003db8       0x98 zephyr/libzephyr.a(cbprintf_complete.c.obj)
 .text.z_cbvprintf_impl
                0x0000000000003e50      0x754 zephyr/libzephyr.a(cbprintf_complete.c.obj)
                0x0000000000003e50                z_cbvprintf_impl
 .text.process_event
                0x00000000000045a4      0x21c zephyr/libzephyr.a(onoff.c.obj)
 .text.z_log_init.isra.0
                0x00000000000047c0       0xd0 zephyr/libzephyr.a(log_core.c.obj)
 .text.log_format_func_t_get
                0x0000000000004890        0xc zephyr/libzephyr.a(log_core.c.obj)
                0x0000000000004890                log_format_func_t_get
 .text.log_set_timestamp_func
                0x000000000000489c       0x20 zephyr/libzephyr.a(log_core.c.obj)
                0x000000000000489c                log_set_timestamp_func
 .text.log_core_init
                0x00000000000048bc       0x28 zephyr/libzephyr.a(log_core.c.obj)
                0x00000000000048bc                log_core_init
 .text.z_impl_log_panic
                0x00000000000048e4       0x3c zephyr/libzephyr.a(log_core.c.obj)
                0x00000000000048e4                z_impl_log_panic
 .text.z_log_dropped
                0x0000000000004920       0x30 zephyr/libzephyr.a(log_core.c.obj)
                0x0000000000004920                z_log_dropped
 .text.z_log_msg_commit
                0x0000000000004950       0x38 zephyr/libzephyr.a(log_core.c.obj)
                0x0000000000004950                z_log_msg_commit
 .text.log_source_name_get
                0x0000000000004988       0x1c zephyr/libzephyr.a(log_mgmt.c.obj)
                0x0000000000004988                log_source_name_get
 .text.log_backend_enable
                0x00000000000049a4       0x28 zephyr/libzephyr.a(log_mgmt.c.obj)
                0x00000000000049a4                log_backend_enable
 .text.z_log_msg_runtime_vcreate
                0x00000000000049cc       0x8c zephyr/libzephyr.a(log_msg.c.obj)
                0x00000000000049cc                z_log_msg_runtime_vcreate
 .text.log_msg_get_source_id
                0x0000000000004a58       0x18 zephyr/libzephyr.a(log_msg.c.obj)
                0x0000000000004a58                log_msg_get_source_id
 .text.print_formatted
                0x0000000000004a70       0x24 zephyr/libzephyr.a(log_output.c.obj)
 .text.newline_print
                0x0000000000004a94       0x1c zephyr/libzephyr.a(log_output.c.obj)
 .text.log_output_process
                0x0000000000004ab0      0x2dc zephyr/libzephyr.a(log_output.c.obj)
                0x0000000000004ab0                log_output_process
 .text.log_output_timestamp_freq_set
                0x0000000000004d8c       0x2c zephyr/libzephyr.a(log_output.c.obj)
                0x0000000000004d8c                log_output_timestamp_freq_set
 .text.log_backend_rtt_init
                0x0000000000004db8        0xc zephyr/libzephyr.a(log_backend_rtt.c.obj)
 .text.format_set
                0x0000000000004dc4        0xc zephyr/libzephyr.a(log_backend_rtt.c.obj)
 .text.panic    0x0000000000004dd0       0x14 zephyr/libzephyr.a(log_backend_rtt.c.obj)
 .text.process  0x0000000000004de4       0x24 zephyr/libzephyr.a(log_backend_rtt.c.obj)
 .text.data_out_block_mode
                0x0000000000004e08       0x70 zephyr/libzephyr.a(log_backend_rtt.c.obj)
 .text.char_out
                0x0000000000004e78       0x24 zephyr/libzephyr.a(log_backend_uart.c.obj)
 .text.mem_attr_get_regions
                0x0000000000004e9c        0xc zephyr/libzephyr.a(mem_attr.c.obj)
                0x0000000000004e9c                mem_attr_get_regions
 .text.boot_banner
                0x0000000000004ea8       0x1c zephyr/libzephyr.a(banner.c.obj)
                0x0000000000004ea8                boot_banner
 .text.nrf_cc3xx_platform_abort_init
                0x0000000000004ec4        0xc zephyr/libzephyr.a(nrf_cc3xx_platform_abort_zephyr.c.obj)
                0x0000000000004ec4                nrf_cc3xx_platform_abort_init
 .text.mutex_free_platform
                0x0000000000004ed0       0x54 zephyr/libzephyr.a(nrf_cc3xx_platform_mutex_zephyr.c.obj)
 .text.mutex_lock_platform
                0x0000000000004f24       0x60 zephyr/libzephyr.a(nrf_cc3xx_platform_mutex_zephyr.c.obj)
 .text.mutex_unlock_platform
                0x0000000000004f84       0x58 zephyr/libzephyr.a(nrf_cc3xx_platform_mutex_zephyr.c.obj)
 .text.mutex_init_platform
                0x0000000000004fdc       0x94 zephyr/libzephyr.a(nrf_cc3xx_platform_mutex_zephyr.c.obj)
 .text.nrf_cc3xx_platform_mutex_init
                0x0000000000005070       0x2c zephyr/libzephyr.a(nrf_cc3xx_platform_mutex_zephyr.c.obj)
                0x0000000000005070                nrf_cc3xx_platform_mutex_init
 .text.z_arm_fatal_error
                0x000000000000509c       0xc4 zephyr/arch/arch/arm/core/libarch__arm__core.a(fatal.c.obj)
                0x000000000000509c                z_arm_fatal_error
 .text.z_SysNmiOnReset
                0x0000000000005160        0x8 zephyr/arch/arch/arm/core/libarch__arm__core.a(nmi_on_reset.S.obj)
                0x0000000000005160                z_SysNmiOnReset
 .text._HandlerModeExit
                0x0000000000005168       0x28 zephyr/arch/arch/arm/core/cortex_m/libarch__arm__core__cortex_m.a(exc_exit.c.obj)
                0x0000000000005168                z_arm_exc_exit
                0x0000000000005168                z_arm_int_exit
 .text.bus_fault.constprop.0
                0x0000000000005190      0x13c zephyr/arch/arch/arm/core/cortex_m/libarch__arm__core__cortex_m.a(fault.c.obj)
 .text.usage_fault.constprop.0
                0x00000000000052cc      0x108 zephyr/arch/arch/arm/core/cortex_m/libarch__arm__core__cortex_m.a(fault.c.obj)
 .text.mem_manage_fault
                0x00000000000053d4      0x164 zephyr/arch/arch/arm/core/cortex_m/libarch__arm__core__cortex_m.a(fault.c.obj)
 .text.z_arm_fault
                0x0000000000005538      0x20c zephyr/arch/arch/arm/core/cortex_m/libarch__arm__core__cortex_m.a(fault.c.obj)
                0x0000000000005538                z_arm_fault
 .text.z_arm_fault_init
                0x0000000000005744       0x10 zephyr/arch/arch/arm/core/cortex_m/libarch__arm__core__cortex_m.a(fault.c.obj)
                0x0000000000005744                z_arm_fault_init
 .text.__fault  0x0000000000005754       0x14 zephyr/arch/arch/arm/core/cortex_m/libarch__arm__core__cortex_m.a(fault_s.S.obj)
                0x0000000000005754                z_arm_bus_fault
                0x0000000000005754                z_arm_usage_fault
                0x0000000000005754                z_arm_mpu_fault
                0x0000000000005754                z_arm_exc_spurious
                0x0000000000005754                z_arm_debug_monitor
                0x0000000000005754                z_arm_hard_fault
 .text._reset_section
                0x0000000000005768       0x54 zephyr/arch/arch/arm/core/cortex_m/libarch__arm__core__cortex_m.a(reset.S.obj)
                0x0000000000005768                z_arm_reset
                0x0000000000005768                __start
 .text.z_arm_clear_arm_mpu_config
                0x00000000000057bc       0x24 zephyr/arch/arch/arm/core/cortex_m/libarch__arm__core__cortex_m.a(scb.c.obj)
                0x00000000000057bc                z_arm_clear_arm_mpu_config
 .text.z_arm_init_arch_hw_at_boot
                0x00000000000057e0       0x64 zephyr/arch/arch/arm/core/cortex_m/libarch__arm__core__cortex_m.a(scb.c.obj)
                0x00000000000057e0                z_arm_init_arch_hw_at_boot
 .text.z_impl_k_thread_abort
                0x0000000000005844       0x2c zephyr/arch/arch/arm/core/cortex_m/libarch__arm__core__cortex_m.a(thread_abort.c.obj)
                0x0000000000005844                z_impl_k_thread_abort
 .text.arch_swap
                0x0000000000005870       0x30 zephyr/arch/arch/arm/core/cortex_m/libarch__arm__core__cortex_m.a(swap.c.obj)
                0x0000000000005870                arch_swap
 .text.z_arm_pendsv_c
                0x00000000000058a0       0x40 zephyr/arch/arch/arm/core/cortex_m/libarch__arm__core__cortex_m.a(swap.c.obj)
                0x00000000000058a0                z_arm_pendsv_c
 .text.z_arm_pendsv
                0x00000000000058e0       0x34 zephyr/arch/arch/arm/core/cortex_m/libarch__arm__core__cortex_m.a(swap_helper.S.obj)
                0x00000000000058e0                z_arm_pendsv
 .text.z_arm_svc
                0x0000000000005914       0x20 zephyr/arch/arch/arm/core/cortex_m/libarch__arm__core__cortex_m.a(swap_helper.S.obj)
                0x0000000000005914                z_arm_svc
 .text.arch_irq_enable
                0x0000000000005934       0x1c zephyr/arch/arch/arm/core/cortex_m/libarch__arm__core__cortex_m.a(irq_manage.c.obj)
                0x0000000000005934                arch_irq_enable
 .text.arch_irq_is_enabled
                0x0000000000005950       0x1c zephyr/arch/arch/arm/core/cortex_m/libarch__arm__core__cortex_m.a(irq_manage.c.obj)
                0x0000000000005950                arch_irq_is_enabled
 .text.z_arm_irq_priority_set
                0x000000000000596c       0x30 zephyr/arch/arch/arm/core/cortex_m/libarch__arm__core__cortex_m.a(irq_manage.c.obj)
                0x000000000000596c                z_arm_irq_priority_set
 .text.z_prep_c
                0x000000000000599c       0x38 zephyr/arch/arch/arm/core/cortex_m/libarch__arm__core__cortex_m.a(prep_c.c.obj)
                0x000000000000599c                z_prep_c
 .text.arch_new_thread
                0x00000000000059d4       0x38 zephyr/arch/arch/arm/core/cortex_m/libarch__arm__core__cortex_m.a(thread.c.obj)
                0x00000000000059d4                arch_new_thread
 .text.z_check_thread_stack_fail
                0x0000000000005a0c       0x2c zephyr/arch/arch/arm/core/cortex_m/libarch__arm__core__cortex_m.a(thread.c.obj)
                0x0000000000005a0c                z_check_thread_stack_fail
 .text.arch_switch_to_main_thread
                0x0000000000005a38       0x3c zephyr/arch/arch/arm/core/cortex_m/libarch__arm__core__cortex_m.a(thread.c.obj)
                0x0000000000005a38                arch_switch_to_main_thread
 .text.z_arm_cpu_idle_init
                0x0000000000005a74        0xc zephyr/arch/arch/arm/core/cortex_m/libarch__arm__core__cortex_m.a(cpu_idle.c.obj)
                0x0000000000005a74                z_arm_cpu_idle_init
 .text.z_arm_interrupt_init
                0x0000000000005a80       0x18 zephyr/arch/arch/arm/core/cortex_m/libarch__arm__core__cortex_m.a(irq_init.c.obj)
                0x0000000000005a80                z_arm_interrupt_init
 .text._isr_wrapper
                0x0000000000005a98       0x24 zephyr/arch/arch/arm/core/cortex_m/libarch__arm__core__cortex_m.a(isr_wrapper.c.obj)
                0x0000000000005a98                _isr_wrapper
 .text.z_arm_configure_static_mpu_regions
                0x0000000000005abc       0x18 zephyr/arch/arch/arm/core/mpu/libarch__arm__core__mpu.a(arm_core_mpu.c.obj)
                0x0000000000005abc                z_arm_configure_static_mpu_regions
 .text.z_arm_configure_dynamic_mpu_regions
                0x0000000000005ad4       0x20 zephyr/arch/arch/arm/core/mpu/libarch__arm__core__mpu.a(arm_core_mpu.c.obj)
                0x0000000000005ad4                z_arm_configure_dynamic_mpu_regions
 .text.region_allocate_and_init
                0x0000000000005af4       0x60 zephyr/arch/arch/arm/core/mpu/libarch__arm__core__mpu.a(arm_mpu.c.obj)
 .text.mpu_configure_regions
                0x0000000000005b54       0x74 zephyr/arch/arch/arm/core/mpu/libarch__arm__core__mpu.a(arm_mpu.c.obj)
 .text.arm_core_mpu_enable
                0x0000000000005bc8       0x18 zephyr/arch/arch/arm/core/mpu/libarch__arm__core__mpu.a(arm_mpu.c.obj)
                0x0000000000005bc8                arm_core_mpu_enable
 .text.arm_core_mpu_disable
                0x0000000000005be0       0x14 zephyr/arch/arch/arm/core/mpu/libarch__arm__core__mpu.a(arm_mpu.c.obj)
                0x0000000000005be0                arm_core_mpu_disable
 .text.arm_core_mpu_configure_static_mpu_regions
                0x0000000000005bf4       0x14 zephyr/arch/arch/arm/core/mpu/libarch__arm__core__mpu.a(arm_mpu.c.obj)
                0x0000000000005bf4                arm_core_mpu_configure_static_mpu_regions
 .text.arm_core_mpu_configure_dynamic_mpu_regions
                0x0000000000005c08       0x38 zephyr/arch/arch/arm/core/mpu/libarch__arm__core__mpu.a(arm_mpu.c.obj)
                0x0000000000005c08                arm_core_mpu_configure_dynamic_mpu_regions
 .text.z_arm_mpu_init
                0x0000000000005c40      0x17c zephyr/arch/arch/arm/core/mpu/libarch__arm__core__mpu.a(arm_mpu.c.obj)
                0x0000000000005c40                z_arm_mpu_init
 .text.__stdout_hook_install
                0x0000000000005dbc        0xc zephyr/lib/libc/newlib/liblib__libc__newlib.a(libc-hooks.c.obj)
                0x0000000000005dbc                __stdout_hook_install
 .text.z_impl_zephyr_read_stdin
                0x0000000000005dc8       0x28 zephyr/lib/libc/newlib/liblib__libc__newlib.a(libc-hooks.c.obj)
                0x0000000000005dc8                z_impl_zephyr_read_stdin
 .text.z_impl_zephyr_write_stdout
                0x0000000000005df0       0x30 zephyr/lib/libc/newlib/liblib__libc__newlib.a(libc-hooks.c.obj)
                0x0000000000005df0                z_impl_zephyr_write_stdout
 .text._sbrk    0x0000000000005e20       0x28 zephyr/lib/libc/newlib/liblib__libc__newlib.a(libc-hooks.c.obj)
                0x0000000000005e20                _sbrk
                0x0000000000005e20                sbrk
 .text.abort    0x0000000000005e48       0x1c zephyr/lib/libc/common/liblib__libc__common.a(abort.c.obj)
                0x0000000000005e48                abort
 .text.nordicsemi_nrf52_init
                0x0000000000005e64       0x18 zephyr/soc/soc/nrf52840/libsoc__nordic.a(soc.c.obj)
 .text.arch_busy_wait
                0x0000000000005e7c       0x14 zephyr/soc/soc/nrf52840/libsoc__nordic.a(soc.c.obj)
                0x0000000000005e7c                arch_busy_wait
 .text.onoff_stop
                0x0000000000005e90       0x28 zephyr/drivers/clock_control/libdrivers__clock_control.a(clock_control_nrf.c.obj)
 .text.onoff_start
                0x0000000000005eb8       0x3c zephyr/drivers/clock_control/libdrivers__clock_control.a(clock_control_nrf.c.obj)
 .text.generic_hfclk_stop
                0x0000000000005ef4       0x34 zephyr/drivers/clock_control/libdrivers__clock_control.a(clock_control_nrf.c.obj)
 .text.clk_init
                0x0000000000005f28       0x58 zephyr/drivers/clock_control/libdrivers__clock_control.a(clock_control_nrf.c.obj)
 .text.api_blocking_start
                0x0000000000005f80       0x34 zephyr/drivers/clock_control/libdrivers__clock_control.a(clock_control_nrf.c.obj)
 .text.clkstarted_handle.constprop.0
                0x0000000000005fb4       0x4c zephyr/drivers/clock_control/libdrivers__clock_control.a(clock_control_nrf.c.obj)
 .text.generic_hfclk_start
                0x0000000000006000       0x78 zephyr/drivers/clock_control/libdrivers__clock_control.a(clock_control_nrf.c.obj)
 .text.clock_event_handler
                0x0000000000006078       0x1c zephyr/drivers/clock_control/libdrivers__clock_control.a(clock_control_nrf.c.obj)
 .text.z_nrf_clock_control_get_onoff
                0x0000000000006094       0x10 zephyr/drivers/clock_control/libdrivers__clock_control.a(clock_control_nrf.c.obj)
                0x0000000000006094                z_nrf_clock_control_get_onoff
 .text.z_nrf_clock_control_lf_on
                0x00000000000060a4       0xfc zephyr/drivers/clock_control/libdrivers__clock_control.a(clock_control_nrf.c.obj)
                0x00000000000060a4                z_nrf_clock_control_lf_on
 .text.uart_console_init
                0x00000000000061a0       0x28 zephyr/drivers/console/libdrivers__console.a(uart_console.c.obj)
 .text.console_out
                0x00000000000061c8       0x28 zephyr/drivers/console/libdrivers__console.a(uart_console.c.obj)
 .text.gpio_nrfx_pin_interrupt_configure
                0x00000000000061f0      0x100 zephyr/drivers/gpio/libdrivers__gpio.a(gpio_nrfx.c.obj)
 .text.gpio_nrfx_init
                0x00000000000062f0       0x48 zephyr/drivers/gpio/libdrivers__gpio.a(gpio_nrfx.c.obj)
 .text.nrfx_gpio_handler
                0x0000000000006338       0x4c zephyr/drivers/gpio/libdrivers__gpio.a(gpio_nrfx.c.obj)
 .text.gpio_nrfx_pin_configure
                0x0000000000006384      0x18c zephyr/drivers/gpio/libdrivers__gpio.a(gpio_nrfx.c.obj)
 .text.i2c_nrfx_twim_configure
                0x0000000000006510       0x50 zephyr/drivers/i2c/libdrivers__i2c.a(i2c_nrfx_twim.c.obj)
 .text.i2c_nrfx_twim_init
                0x0000000000006560       0x64 zephyr/drivers/i2c/libdrivers__i2c.a(i2c_nrfx_twim.c.obj)
 .text.i2c_nrfx_twim_recover_bus
                0x00000000000065c4       0x3c zephyr/drivers/i2c/libdrivers__i2c.a(i2c_nrfx_twim.c.obj)
 .text.event_handler
                0x0000000000006600       0x34 zephyr/drivers/i2c/libdrivers__i2c.a(i2c_nrfx_twim.c.obj)
 .text.i2c_nrfx_twim_transfer
                0x0000000000006634      0x1c0 zephyr/drivers/i2c/libdrivers__i2c.a(i2c_nrfx_twim.c.obj)
 .text.pinctrl_configure_pins
                0x00000000000067f4      0x12c zephyr/drivers/pinctrl/libdrivers__pinctrl.a(pinctrl_nrf.c.obj)
                0x00000000000067f4                pinctrl_configure_pins
 .text.hfclk_on_callback
                0x0000000000006920        0xc zephyr/drivers/sensor/nordic/temp/libdrivers__sensor__nordic__temp.a(temp_nrf5.c.obj)
 .text.temp_nrf5_channel_get
                0x000000000000692c       0x2c zephyr/drivers/sensor/nordic/temp/libdrivers__sensor__nordic__temp.a(temp_nrf5.c.obj)
 .text.temp_nrf5_isr
                0x0000000000006958       0x18 zephyr/drivers/sensor/nordic/temp/libdrivers__sensor__nordic__temp.a(temp_nrf5.c.obj)
 .text.temp_nrf5_sample_fetch
                0x0000000000006970       0x78 zephyr/drivers/sensor/nordic/temp/libdrivers__sensor__nordic__temp.a(temp_nrf5.c.obj)
 .text.temp_nrf5_init
                0x00000000000069e8       0x40 zephyr/drivers/sensor/nordic/temp/libdrivers__sensor__nordic__temp.a(temp_nrf5.c.obj)
 .text.z_log_msg_runtime_create.constprop.0
                0x0000000000006a28       0x24 zephyr/drivers/serial/libdrivers__serial.a(uart_nrfx_uarte.c.obj)
 .text.uarte_0_init
                0x0000000000006a4c      0x268 zephyr/drivers/serial/libdrivers__serial.a(uart_nrfx_uarte.c.obj)
 .text.uarte_nrfx_poll_out
                0x0000000000006cb4       0xcc zephyr/drivers/serial/libdrivers__serial.a(uart_nrfx_uarte.c.obj)
 .text.compare_int_lock
                0x0000000000006d80       0x48 zephyr/drivers/timer/libdrivers__timer.a(nrf_rtc_timer.c.obj)
 .text.sys_clock_timeout_handler
                0x0000000000006dc8       0x48 zephyr/drivers/timer/libdrivers__timer.a(nrf_rtc_timer.c.obj)
 .text.compare_int_unlock
                0x0000000000006e10       0x5c zephyr/drivers/timer/libdrivers__timer.a(nrf_rtc_timer.c.obj)
 .text.z_nrf_rtc_timer_read
                0x0000000000006e6c       0x44 zephyr/drivers/timer/libdrivers__timer.a(nrf_rtc_timer.c.obj)
                0x0000000000006e6c                z_nrf_rtc_timer_read
 .text.compare_set
                0x0000000000006eb0      0x130 zephyr/drivers/timer/libdrivers__timer.a(nrf_rtc_timer.c.obj)
 .text.sys_clock_driver_init
                0x0000000000006fe0       0x90 zephyr/drivers/timer/libdrivers__timer.a(nrf_rtc_timer.c.obj)
 .text.rtc_nrf_isr
                0x0000000000007070       0xd4 zephyr/drivers/timer/libdrivers__timer.a(nrf_rtc_timer.c.obj)
                0x0000000000007070                rtc_nrf_isr
 .text.sys_clock_set_timeout
                0x0000000000007144       0x5c zephyr/drivers/timer/libdrivers__timer.a(nrf_rtc_timer.c.obj)
                0x0000000000007144                sys_clock_set_timeout
 .text.sys_clock_elapsed
                0x00000000000071a0       0x14 zephyr/drivers/timer/libdrivers__timer.a(nrf_rtc_timer.c.obj)
                0x00000000000071a0                sys_clock_elapsed
 .text.nrf52_errata_98
                0x00000000000071b4       0x24 modules/hal_nordic/nrfx/libmodules__hal_nordic__nrfx.a(system_nrf52840.c.obj)
 .text.nvmc_wait
                0x00000000000071d8       0x10 modules/hal_nordic/nrfx/libmodules__hal_nordic__nrfx.a(system_nrf52840.c.obj)
                0x00000000000071d8                nvmc_wait
 .text.SystemInit
                0x00000000000071e8      0x1bc modules/hal_nordic/nrfx/libmodules__hal_nordic__nrfx.a(system_nrf52840.c.obj)
                0x00000000000071e8                SystemInit
 .text.nrfx_flag32_alloc
                0x00000000000073a4       0x48 modules/hal_nordic/nrfx/libmodules__hal_nordic__nrfx.a(nrfx_flag32_allocator.c.obj)
                0x00000000000073a4                nrfx_flag32_alloc
 .text.nrfx_flag32_free
                0x00000000000073ec       0x40 modules/hal_nordic/nrfx/libmodules__hal_nordic__nrfx.a(nrfx_flag32_allocator.c.obj)
                0x00000000000073ec                nrfx_flag32_free
 .text.nrfx_gppi_channels_enable
                0x000000000000742c        0xc modules/hal_nordic/nrfx/libmodules__hal_nordic__nrfx.a(nrfx_gppi_ppi.c.obj)
                0x000000000000742c                nrfx_gppi_channels_enable
 .text.clock_stop
                0x0000000000007438       0xc4 modules/hal_nordic/nrfx/libmodules__hal_nordic__nrfx.a(nrfx_clock.c.obj)
 .text.nrfx_clock_init
                0x00000000000074fc       0x20 modules/hal_nordic/nrfx/libmodules__hal_nordic__nrfx.a(nrfx_clock.c.obj)
                0x00000000000074fc                nrfx_clock_init
 .text.nrfx_clock_enable
                0x000000000000751c       0x24 modules/hal_nordic/nrfx/libmodules__hal_nordic__nrfx.a(nrfx_clock.c.obj)
                0x000000000000751c                nrfx_clock_enable
 .text.nrfx_clock_start
                0x0000000000007540       0xa8 modules/hal_nordic/nrfx/libmodules__hal_nordic__nrfx.a(nrfx_clock.c.obj)
                0x0000000000007540                nrfx_clock_start
 .text.nrfx_power_clock_irq_handler
                0x00000000000075e8       0x68 modules/hal_nordic/nrfx/libmodules__hal_nordic__nrfx.a(nrfx_clock.c.obj)
                0x00000000000075e8                nrfx_power_clock_irq_handler
 .text.nrf_gpio_pin_port_decode
                0x0000000000007650       0x20 modules/hal_nordic/nrfx/libmodules__hal_nordic__nrfx.a(nrfx_gpiote.c.obj)
 .text.get_pin_idx
                0x0000000000007670       0x14 modules/hal_nordic/nrfx/libmodules__hal_nordic__nrfx.a(nrfx_gpiote.c.obj)
 .text.call_handler.constprop.0
                0x0000000000007684       0x40 modules/hal_nordic/nrfx/libmodules__hal_nordic__nrfx.a(nrfx_gpiote.c.obj)
 .text.pin_te_get.constprop.0
                0x00000000000076c4       0x18 modules/hal_nordic/nrfx/libmodules__hal_nordic__nrfx.a(nrfx_gpiote.c.obj)
 .text.pin_is_output.constprop.0
                0x00000000000076dc       0x18 modules/hal_nordic/nrfx/libmodules__hal_nordic__nrfx.a(nrfx_gpiote.c.obj)
 .text.pin_in_use_by_te.constprop.0
                0x00000000000076f4       0x18 modules/hal_nordic/nrfx/libmodules__hal_nordic__nrfx.a(nrfx_gpiote.c.obj)
 .text.latch_pending_read_and_check
                0x000000000000770c       0x40 modules/hal_nordic/nrfx/libmodules__hal_nordic__nrfx.a(nrfx_gpiote.c.obj)
 .text.release_handler.isra.0
                0x000000000000774c       0x58 modules/hal_nordic/nrfx/libmodules__hal_nordic__nrfx.a(nrfx_gpiote.c.obj)
 .text.__nrfy_internal_gpiote_events_process.constprop.0
                0x00000000000077a4       0x5c modules/hal_nordic/nrfx/libmodules__hal_nordic__nrfx.a(nrfx_gpiote.c.obj)
 .text.pin_uninit
                0x0000000000007800       0x80 modules/hal_nordic/nrfx/libmodules__hal_nordic__nrfx.a(nrfx_gpiote.c.obj)
 .text.nrfx_gpiote_input_configure
                0x0000000000007880      0x174 modules/hal_nordic/nrfx/libmodules__hal_nordic__nrfx.a(nrfx_gpiote.c.obj)
                0x0000000000007880                nrfx_gpiote_input_configure
 .text.nrfx_gpiote_output_configure
                0x00000000000079f4       0xfc modules/hal_nordic/nrfx/libmodules__hal_nordic__nrfx.a(nrfx_gpiote.c.obj)
                0x00000000000079f4                nrfx_gpiote_output_configure
 .text.nrfx_gpiote_global_callback_set
                0x0000000000007af0        0xc modules/hal_nordic/nrfx/libmodules__hal_nordic__nrfx.a(nrfx_gpiote.c.obj)
                0x0000000000007af0                nrfx_gpiote_global_callback_set
 .text.nrfx_gpiote_channel_get
                0x0000000000007afc       0x34 modules/hal_nordic/nrfx/libmodules__hal_nordic__nrfx.a(nrfx_gpiote.c.obj)
                0x0000000000007afc                nrfx_gpiote_channel_get
 .text.nrfx_gpiote_init
                0x0000000000007b30       0x68 modules/hal_nordic/nrfx/libmodules__hal_nordic__nrfx.a(nrfx_gpiote.c.obj)
                0x0000000000007b30                nrfx_gpiote_init
 .text.nrfx_gpiote_init_check
                0x0000000000007b98       0x14 modules/hal_nordic/nrfx/libmodules__hal_nordic__nrfx.a(nrfx_gpiote.c.obj)
                0x0000000000007b98                nrfx_gpiote_init_check
 .text.nrfx_gpiote_channel_free
                0x0000000000007bac        0xc modules/hal_nordic/nrfx/libmodules__hal_nordic__nrfx.a(nrfx_gpiote.c.obj)
                0x0000000000007bac                nrfx_gpiote_channel_free
 .text.nrfx_gpiote_channel_alloc
                0x0000000000007bb8        0xc modules/hal_nordic/nrfx/libmodules__hal_nordic__nrfx.a(nrfx_gpiote.c.obj)
                0x0000000000007bb8                nrfx_gpiote_channel_alloc
 .text.nrfx_gpiote_trigger_enable
                0x0000000000007bc4       0xb0 modules/hal_nordic/nrfx/libmodules__hal_nordic__nrfx.a(nrfx_gpiote.c.obj)
                0x0000000000007bc4                nrfx_gpiote_trigger_enable
 .text.nrfx_gpiote_0_irq_handler
                0x0000000000007c74      0x1bc modules/hal_nordic/nrfx/libmodules__hal_nordic__nrfx.a(nrfx_gpiote.c.obj)
                0x0000000000007c74                nrfx_gpiote_0_irq_handler
 .text.nrfx_ppi_channel_alloc
                0x0000000000007e30        0xc modules/hal_nordic/nrfx/libmodules__hal_nordic__nrfx.a(nrfx_ppi.c.obj)
                0x0000000000007e30                nrfx_ppi_channel_alloc
 .text.nrf_gpio_cfg.constprop.0
                0x0000000000007e3c       0x48 modules/hal_nordic/nrfx/libmodules__hal_nordic__nrfx.a(nrfx_twim.c.obj)
 .text.twim_configure
                0x0000000000007e84       0x3c modules/hal_nordic/nrfx/libmodules__hal_nordic__nrfx.a(nrfx_twim.c.obj)
 .text.nrfx_twim_init
                0x0000000000007ec0       0x74 modules/hal_nordic/nrfx/libmodules__hal_nordic__nrfx.a(nrfx_twim.c.obj)
                0x0000000000007ec0                nrfx_twim_init
 .text.nrfx_twim_enable
                0x0000000000007f34       0x20 modules/hal_nordic/nrfx/libmodules__hal_nordic__nrfx.a(nrfx_twim.c.obj)
                0x0000000000007f34                nrfx_twim_enable
 .text.nrfx_twim_disable
                0x0000000000007f54       0x3c modules/hal_nordic/nrfx/libmodules__hal_nordic__nrfx.a(nrfx_twim.c.obj)
                0x0000000000007f54                nrfx_twim_disable
 .text.nrfx_twim_xfer
                0x0000000000007f90      0x350 modules/hal_nordic/nrfx/libmodules__hal_nordic__nrfx.a(nrfx_twim.c.obj)
                0x0000000000007f90                nrfx_twim_xfer
 .text.nrfx_twim_0_irq_handler
                0x00000000000082e0      0x184 modules/hal_nordic/nrfx/libmodules__hal_nordic__nrfx.a(nrfx_twim.c.obj)
                0x00000000000082e0                nrfx_twim_0_irq_handler
 .text.nrf_gpio_pin_port_decode
                0x0000000000008464       0x20 modules/hal_nordic/nrfx/libmodules__hal_nordic__nrfx.a(nrfx_twi_twim.c.obj)
 .text.nrfx_twi_twim_bus_recover
                0x0000000000008484       0xdc modules/hal_nordic/nrfx/libmodules__hal_nordic__nrfx.a(nrfx_twi_twim.c.obj)
                0x0000000000008484                nrfx_twi_twim_bus_recover
 .text._DoInit  0x0000000000008560       0x60 modules/segger/libmodules__segger.a(SEGGER_RTT.c.obj)
 .text.SEGGER_RTT_WriteSkipNoLock
                0x00000000000085c0       0x88 modules/segger/libmodules__segger.a(SEGGER_RTT.c.obj)
                0x00000000000085c0                SEGGER_RTT_WriteSkipNoLock
 .text.SEGGER_RTT_HasDataUp
                0x0000000000008648       0x14 modules/segger/libmodules__segger.a(SEGGER_RTT.c.obj)
                0x0000000000008648                SEGGER_RTT_HasDataUp
 .text.k_sys_fatal_error_handler
                0x000000000000865c       0x2c zephyr/kernel/libkernel.a(fatal.c.obj)
                0x000000000000865c                k_sys_fatal_error_handler
 .text.z_fatal_error
                0x0000000000008688       0xcc zephyr/kernel/libkernel.a(fatal.c.obj)
                0x0000000000008688                z_fatal_error
 .text.z_sys_init_run_level
                0x0000000000008754       0x2c zephyr/kernel/libkernel.a(init.c.obj)
 .text.bg_thread_main
                0x0000000000008780       0xc4 zephyr/kernel/libkernel.a(init.c.obj)
 .text.z_bss_zero
                0x0000000000008844       0x18 zephyr/kernel/libkernel.a(init.c.obj)
                0x0000000000008844                z_bss_zero
 .text.z_init_cpu
                0x000000000000885c       0x70 zephyr/kernel/libkernel.a(init.c.obj)
                0x000000000000885c                z_init_cpu
 .text.z_cstart
                0x00000000000088cc       0xe0 zephyr/kernel/libkernel.a(init.c.obj)
                0x00000000000088cc                z_cstart
 .text.init_mem_slab_obj_core_list
                0x00000000000089ac       0x24 zephyr/kernel/libkernel.a(mem_slab.c.obj)
 .text.k_mem_slab_alloc
                0x00000000000089d0       0x5c zephyr/kernel/libkernel.a(mem_slab.c.obj)
                0x00000000000089d0                k_mem_slab_alloc
 .text.z_impl_k_mutex_lock
                0x0000000000008a2c       0xf0 zephyr/kernel/libkernel.a(mutex.c.obj)
                0x0000000000008a2c                z_impl_k_mutex_lock
 .text.z_impl_k_mutex_unlock
                0x0000000000008b1c       0x78 zephyr/kernel/libkernel.a(mutex.c.obj)
                0x0000000000008b1c                z_impl_k_mutex_unlock
 .text.z_impl_k_sem_give
                0x0000000000008b94       0x48 zephyr/kernel/libkernel.a(sem.c.obj)
                0x0000000000008b94                z_impl_k_sem_give
 .text.z_impl_k_sem_take
                0x0000000000008bdc       0x4c zephyr/kernel/libkernel.a(sem.c.obj)
                0x0000000000008bdc                z_impl_k_sem_take
 .text.z_setup_new_thread
                0x0000000000008c28       0x7c zephyr/kernel/libkernel.a(thread.c.obj)
                0x0000000000008c28                z_setup_new_thread
 .text.update_cache
                0x0000000000008ca4       0x3c zephyr/kernel/libkernel.a(sched.c.obj)
 .text.unready_thread
                0x0000000000008ce0       0x30 zephyr/kernel/libkernel.a(sched.c.obj)
 .text.ready_thread
                0x0000000000008d10       0x68 zephyr/kernel/libkernel.a(sched.c.obj)
 .text.z_thread_halt
                0x0000000000008d78       0xd8 zephyr/kernel/libkernel.a(sched.c.obj)
 .text.move_thread_to_end_of_prio_q
                0x0000000000008e50       0x74 zephyr/kernel/libkernel.a(sched.c.obj)
                0x0000000000008e50                move_thread_to_end_of_prio_q
 .text.z_pend_curr
                0x0000000000008ec4       0x58 zephyr/kernel/libkernel.a(sched.c.obj)
                0x0000000000008ec4                z_pend_curr
 .text.z_thread_prio_set
                0x0000000000008f1c       0x88 zephyr/kernel/libkernel.a(sched.c.obj)
                0x0000000000008f1c                z_thread_prio_set
 .text.z_reschedule
                0x0000000000008fa4       0x24 zephyr/kernel/libkernel.a(sched.c.obj)
                0x0000000000008fa4                z_reschedule
 .text.z_sched_start
                0x0000000000008fc8       0x3c zephyr/kernel/libkernel.a(sched.c.obj)
                0x0000000000008fc8                z_sched_start
 .text.z_reschedule_irqlock
                0x0000000000009004       0x28 zephyr/kernel/libkernel.a(sched.c.obj)
                0x0000000000009004                z_reschedule_irqlock
 .text.k_sched_lock
                0x000000000000902c       0x28 zephyr/kernel/libkernel.a(sched.c.obj)
                0x000000000000902c                k_sched_lock
 .text.k_sched_unlock
                0x0000000000009054       0x40 zephyr/kernel/libkernel.a(sched.c.obj)
                0x0000000000009054                k_sched_unlock
 .text.z_sched_init
                0x0000000000009094       0x10 zephyr/kernel/libkernel.a(sched.c.obj)
                0x0000000000009094                z_sched_init
 .text.z_impl_k_yield
                0x00000000000090a4       0x7c zephyr/kernel/libkernel.a(sched.c.obj)
                0x00000000000090a4                z_impl_k_yield
 .text.z_tick_sleep
                0x0000000000009120       0x88 zephyr/kernel/libkernel.a(sched.c.obj)
 .text.z_impl_k_sleep
                0x00000000000091a8       0x3c zephyr/kernel/libkernel.a(sched.c.obj)
                0x00000000000091a8                z_impl_k_sleep
 .text.z_impl_k_sched_current_thread_query
                0x00000000000091e4        0xc zephyr/kernel/libkernel.a(sched.c.obj)
                0x00000000000091e4                z_impl_k_sched_current_thread_query
 .text.slice_timeout
                0x00000000000091f0       0x20 zephyr/kernel/libkernel.a(timeslicing.c.obj)
 .text.thread_is_sliceable
                0x0000000000009210       0x3c zephyr/kernel/libkernel.a(timeslicing.c.obj)
                0x0000000000009210                thread_is_sliceable
 .text.z_reset_time_slice
                0x000000000000924c       0x50 zephyr/kernel/libkernel.a(timeslicing.c.obj)
                0x000000000000924c                z_reset_time_slice
 .text.z_time_slice
                0x000000000000929c       0x60 zephyr/kernel/libkernel.a(timeslicing.c.obj)
                0x000000000000929c                z_time_slice
 .text.z_data_copy
                0x00000000000092fc       0x34 zephyr/kernel/libkernel.a(xip.c.obj)
                0x00000000000092fc                z_data_copy
 .text.elapsed  0x0000000000009330       0x14 zephyr/kernel/libkernel.a(timeout.c.obj)
 .text.remove_timeout
                0x0000000000009344       0x38 zephyr/kernel/libkernel.a(timeout.c.obj)
 .text.next_timeout
                0x000000000000937c       0x40 zephyr/kernel/libkernel.a(timeout.c.obj)
 .text.z_add_timeout
                0x00000000000093bc       0xf4 zephyr/kernel/libkernel.a(timeout.c.obj)
                0x00000000000093bc                z_add_timeout
 .text.sys_clock_announce
                0x00000000000094b0       0xd0 zephyr/kernel/libkernel.a(timeout.c.obj)
                0x00000000000094b0                sys_clock_announce
 .text.sys_clock_tick_get
                0x0000000000009580       0x30 zephyr/kernel/libkernel.a(timeout.c.obj)
                0x0000000000009580                sys_clock_tick_get
 .text.malloc   0x00000000000095b0       0x10 /opt/nordic/ncs/toolchains/f8037e9b83/opt/zephyr-sdk/arm-zephyr-eabi/arm-zephyr-eabi/lib/thumb/v7e-m/nofp/libc.a(lib_a-malloc.o)
                0x00000000000095b0                malloc
 .text.free     0x00000000000095c0       0x10 /opt/nordic/ncs/toolchains/f8037e9b83/opt/zephyr-sdk/arm-zephyr-eabi/arm-zephyr-eabi/lib/thumb/v7e-m/nofp/libc.a(lib_a-malloc.o)
                0x00000000000095c0                free
 .text._malloc_r
                0x00000000000095d0      0x578 /opt/nordic/ncs/toolchains/f8037e9b83/opt/zephyr-sdk/arm-zephyr-eabi/arm-zephyr-eabi/lib/thumb/v7e-m/nofp/libc.a(lib_a-mallocr.o)
                0x00000000000095d0                _malloc_r
 .text.memset   0x0000000000009b48       0xa4 /opt/nordic/ncs/toolchains/f8037e9b83/opt/zephyr-sdk/arm-zephyr-eabi/arm-zephyr-eabi/lib/thumb/v7e-m/nofp/libc.a(lib_a-memset.o)
                0x0000000000009b48                memset
 .text.__malloc_lock
                0x0000000000009bec        0xc /opt/nordic/ncs/toolchains/f8037e9b83/opt/zephyr-sdk/arm-zephyr-eabi/arm-zephyr-eabi/lib/thumb/v7e-m/nofp/libc.a(lib_a-mlock.o)
                0x0000000000009bec                __malloc_lock
 .text.__malloc_unlock
                0x0000000000009bf8        0xc /opt/nordic/ncs/toolchains/f8037e9b83/opt/zephyr-sdk/arm-zephyr-eabi/arm-zephyr-eabi/lib/thumb/v7e-m/nofp/libc.a(lib_a-mlock.o)
                0x0000000000009bf8                __malloc_unlock
 .text.printf   0x0000000000009c04       0x28 /opt/nordic/ncs/toolchains/f8037e9b83/opt/zephyr-sdk/arm-zephyr-eabi/arm-zephyr-eabi/lib/thumb/v7e-m/nofp/libc.a(lib_a-printf.o)
                0x0000000000009c04                printf
 .text._puts_r  0x0000000000009c2c       0x80 /opt/nordic/ncs/toolchains/f8037e9b83/opt/zephyr-sdk/arm-zephyr-eabi/arm-zephyr-eabi/lib/thumb/v7e-m/nofp/libc.a(lib_a-puts.o)
                0x0000000000009c2c                _puts_r
 .text.puts     0x0000000000009cac       0x10 /opt/nordic/ncs/toolchains/f8037e9b83/opt/zephyr-sdk/arm-zephyr-eabi/arm-zephyr-eabi/lib/thumb/v7e-m/nofp/libc.a(lib_a-puts.o)
                0x0000000000009cac                puts
 .text._sbrk_r  0x0000000000009cbc       0x24 /opt/nordic/ncs/toolchains/f8037e9b83/opt/zephyr-sdk/arm-zephyr-eabi/arm-zephyr-eabi/lib/thumb/v7e-m/nofp/libc.a(lib_a-sbrkr.o)
                0x0000000000009cbc                _sbrk_r
 .text.strnlen  0x0000000000009ce0       0x24 /opt/nordic/ncs/toolchains/f8037e9b83/opt/zephyr-sdk/arm-zephyr-eabi/arm-zephyr-eabi/lib/thumb/v7e-m/nofp/libc.a(lib_a-strnlen.o)
                0x0000000000009ce0                strnlen
 .text._vfprintf_r
                0x0000000000009d04     0x1aa0 /opt/nordic/ncs/toolchains/f8037e9b83/opt/zephyr-sdk/arm-zephyr-eabi/arm-zephyr-eabi/lib/thumb/v7e-m/nofp/libc.a(lib_a-vfprintf.o)
                0x0000000000009d04                _vfprintf_r
 .text.__sbprintf
                0x000000000000b7a4       0x80 /opt/nordic/ncs/toolchains/f8037e9b83/opt/zephyr-sdk/arm-zephyr-eabi/arm-zephyr-eabi/lib/thumb/v7e-m/nofp/libc.a(lib_a-vfprintf.o)
 .text.__swsetup_r
                0x000000000000b824       0xc4 /opt/nordic/ncs/toolchains/f8037e9b83/opt/zephyr-sdk/arm-zephyr-eabi/arm-zephyr-eabi/lib/thumb/v7e-m/nofp/libc.a(lib_a-wsetup.o)
                0x000000000000b824                __swsetup_r
 .text.quorem   0x000000000000b8e8      0x12c /opt/nordic/ncs/toolchains/f8037e9b83/opt/zephyr-sdk/arm-zephyr-eabi/arm-zephyr-eabi/lib/thumb/v7e-m/nofp/libc.a(lib_a-dtoa.o)
 .text.__sflush_r
                0x000000000000ba14      0x110 /opt/nordic/ncs/toolchains/f8037e9b83/opt/zephyr-sdk/arm-zephyr-eabi/arm-zephyr-eabi/lib/thumb/v7e-m/nofp/libc.a(lib_a-fflush.o)
                0x000000000000ba14                __sflush_r
 .text._fflush_r
                0x000000000000bb24       0x5c /opt/nordic/ncs/toolchains/f8037e9b83/opt/zephyr-sdk/arm-zephyr-eabi/arm-zephyr-eabi/lib/thumb/v7e-m/nofp/libc.a(lib_a-fflush.o)
                0x000000000000bb24                _fflush_r
 .text._cleanup_r
                0x000000000000bb80        0xc /opt/nordic/ncs/toolchains/f8037e9b83/opt/zephyr-sdk/arm-zephyr-eabi/arm-zephyr-eabi/lib/thumb/v7e-m/nofp/libc.a(lib_a-findfp.o)
                0x000000000000bb80                _cleanup_r
 .text.__sinit  0x000000000000bb8c      0x10c /opt/nordic/ncs/toolchains/f8037e9b83/opt/zephyr-sdk/arm-zephyr-eabi/arm-zephyr-eabi/lib/thumb/v7e-m/nofp/libc.a(lib_a-findfp.o)
                0x000000000000bb8c                __sinit
 .text._malloc_trim_r
                0x000000000000bc98       0x9c /opt/nordic/ncs/toolchains/f8037e9b83/opt/zephyr-sdk/arm-zephyr-eabi/arm-zephyr-eabi/lib/thumb/v7e-m/nofp/libc.a(lib_a-freer.o)
                0x000000000000bc98                _malloc_trim_r
 .text._free_r  0x000000000000bd34      0x1fc /opt/nordic/ncs/toolchains/f8037e9b83/opt/zephyr-sdk/arm-zephyr-eabi/arm-zephyr-eabi/lib/thumb/v7e-m/nofp/libc.a(lib_a-freer.o)
                0x000000000000bd34                _free_r
 .text.__sfvwrite_r
                0x000000000000bf30      0x2f8 /opt/nordic/ncs/toolchains/f8037e9b83/opt/zephyr-sdk/arm-zephyr-eabi/arm-zephyr-eabi/lib/thumb/v7e-m/nofp/libc.a(lib_a-fvwrite.o)
                0x000000000000bf30                __sfvwrite_r
 .text._fwalk_reent
                0x000000000000c228       0x48 /opt/nordic/ncs/toolchains/f8037e9b83/opt/zephyr-sdk/arm-zephyr-eabi/arm-zephyr-eabi/lib/thumb/v7e-m/nofp/libc.a(lib_a-fwalk.o)
                0x000000000000c228                _fwalk_reent
 .text._localeconv_r
                0x000000000000c270        0x8 /opt/nordic/ncs/toolchains/f8037e9b83/opt/zephyr-sdk/arm-zephyr-eabi/arm-zephyr-eabi/lib/thumb/v7e-m/nofp/libc.a(lib_a-localeconv.o)
                0x000000000000c270                _localeconv_r
 .text.__smakebuf_r
                0x000000000000c278       0xc4 /opt/nordic/ncs/toolchains/f8037e9b83/opt/zephyr-sdk/arm-zephyr-eabi/arm-zephyr-eabi/lib/thumb/v7e-m/nofp/libc.a(lib_a-makebuf.o)
                0x000000000000c278                __smakebuf_r
 .text.memmove  0x000000000000c33c      0x100 /opt/nordic/ncs/toolchains/f8037e9b83/opt/zephyr-sdk/arm-zephyr-eabi/arm-zephyr-eabi/lib/thumb/v7e-m/nofp/libc.a(lib_a-memmove.o)
                0x000000000000c33c                memmove
 .text._Balloc  0x000000000000c43c       0x4c /opt/nordic/ncs/toolchains/f8037e9b83/opt/zephyr-sdk/arm-zephyr-eabi/arm-zephyr-eabi/lib/thumb/v7e-m/nofp/libc.a(lib_a-mprec.o)
                0x000000000000c43c                _Balloc
 .text._Bfree   0x000000000000c488       0x14 /opt/nordic/ncs/toolchains/f8037e9b83/opt/zephyr-sdk/arm-zephyr-eabi/arm-zephyr-eabi/lib/thumb/v7e-m/nofp/libc.a(lib_a-mprec.o)
                0x000000000000c488                _Bfree
 .text.__multadd
                0x000000000000c49c       0xa0 /opt/nordic/ncs/toolchains/f8037e9b83/opt/zephyr-sdk/arm-zephyr-eabi/arm-zephyr-eabi/lib/thumb/v7e-m/nofp/libc.a(lib_a-mprec.o)
                0x000000000000c49c                __multadd
 .text.__hi0bits
                0x000000000000c53c       0x44 /opt/nordic/ncs/toolchains/f8037e9b83/opt/zephyr-sdk/arm-zephyr-eabi/arm-zephyr-eabi/lib/thumb/v7e-m/nofp/libc.a(lib_a-mprec.o)
                0x000000000000c53c                __hi0bits
 .text.__lo0bits
                0x000000000000c580       0x60 /opt/nordic/ncs/toolchains/f8037e9b83/opt/zephyr-sdk/arm-zephyr-eabi/arm-zephyr-eabi/lib/thumb/v7e-m/nofp/libc.a(lib_a-mprec.o)
                0x000000000000c580                __lo0bits
 .text.__i2b    0x000000000000c5e0       0x5c /opt/nordic/ncs/toolchains/f8037e9b83/opt/zephyr-sdk/arm-zephyr-eabi/arm-zephyr-eabi/lib/thumb/v7e-m/nofp/libc.a(lib_a-mprec.o)
                0x000000000000c5e0                __i2b
 .text.__multiply
                0x000000000000c63c      0x16c /opt/nordic/ncs/toolchains/f8037e9b83/opt/zephyr-sdk/arm-zephyr-eabi/arm-zephyr-eabi/lib/thumb/v7e-m/nofp/libc.a(lib_a-mprec.o)
                0x000000000000c63c                __multiply
 .text.__pow5mult
                0x000000000000c7a8       0xb4 /opt/nordic/ncs/toolchains/f8037e9b83/opt/zephyr-sdk/arm-zephyr-eabi/arm-zephyr-eabi/lib/thumb/v7e-m/nofp/libc.a(lib_a-mprec.o)
                0x000000000000c7a8                __pow5mult
 .text.__lshift
                0x000000000000c85c       0xf0 /opt/nordic/ncs/toolchains/f8037e9b83/opt/zephyr-sdk/arm-zephyr-eabi/arm-zephyr-eabi/lib/thumb/v7e-m/nofp/libc.a(lib_a-mprec.o)
                0x000000000000c85c                __lshift
 .text.__mcmp   0x000000000000c94c       0x40 /opt/nordic/ncs/toolchains/f8037e9b83/opt/zephyr-sdk/arm-zephyr-eabi/arm-zephyr-eabi/lib/thumb/v7e-m/nofp/libc.a(lib_a-mprec.o)
                0x000000000000c94c                __mcmp
 .text.__mdiff  0x000000000000c98c      0x164 /opt/nordic/ncs/toolchains/f8037e9b83/opt/zephyr-sdk/arm-zephyr-eabi/arm-zephyr-eabi/lib/thumb/v7e-m/nofp/libc.a(lib_a-mprec.o)
                0x000000000000c98c                __mdiff
 .text.__d2b    0x000000000000caf0       0xbc /opt/nordic/ncs/toolchains/f8037e9b83/opt/zephyr-sdk/arm-zephyr-eabi/arm-zephyr-eabi/lib/thumb/v7e-m/nofp/libc.a(lib_a-mprec.o)
                0x000000000000caf0                __d2b
 .text._realloc_r
                0x000000000000cbac      0x344 /opt/nordic/ncs/toolchains/f8037e9b83/opt/zephyr-sdk/arm-zephyr-eabi/arm-zephyr-eabi/lib/thumb/v7e-m/nofp/libc.a(lib_a-reallocr.o)
                0x000000000000cbac                _realloc_r
 .text.frexp    0x000000000000cef0       0x70 /opt/nordic/ncs/toolchains/f8037e9b83/opt/zephyr-sdk/arm-zephyr-eabi/arm-zephyr-eabi/lib/thumb/v7e-m/nofp/libc.a(lib_a-s_frexp.o)
                0x000000000000cef0                frexp
 .text.__sread  0x000000000000cf60       0x24 /opt/nordic/ncs/toolchains/f8037e9b83/opt/zephyr-sdk/arm-zephyr-eabi/arm-zephyr-eabi/lib/thumb/v7e-m/nofp/libc.a(lib_a-stdio.o)
                0x000000000000cf60                __sread
 .text.__swrite
                0x000000000000cf84       0x40 /opt/nordic/ncs/toolchains/f8037e9b83/opt/zephyr-sdk/arm-zephyr-eabi/arm-zephyr-eabi/lib/thumb/v7e-m/nofp/libc.a(lib_a-stdio.o)
                0x000000000000cf84                __swrite
 .text.__sseek  0x000000000000cfc4       0x24 /opt/nordic/ncs/toolchains/f8037e9b83/opt/zephyr-sdk/arm-zephyr-eabi/arm-zephyr-eabi/lib/thumb/v7e-m/nofp/libc.a(lib_a-stdio.o)
                0x000000000000cfc4                __sseek
 .text.__sclose
                0x000000000000cfe8        0x8 /opt/nordic/ncs/toolchains/f8037e9b83/opt/zephyr-sdk/arm-zephyr-eabi/arm-zephyr-eabi/lib/thumb/v7e-m/nofp/libc.a(lib_a-stdio.o)
                0x000000000000cfe8                __sclose
 .text.strncpy  0x000000000000cff0       0x68 /opt/nordic/ncs/toolchains/f8037e9b83/opt/zephyr-sdk/arm-zephyr-eabi/arm-zephyr-eabi/lib/thumb/v7e-m/nofp/libc.a(lib_a-strncpy.o)
                0x000000000000cff0                strncpy
 .text.__sprint_r
                0x000000000000d058       0x20 /opt/nordic/ncs/toolchains/f8037e9b83/opt/zephyr-sdk/arm-zephyr-eabi/arm-zephyr-eabi/lib/thumb/v7e-m/nofp/libc.a(lib_a-vfiprintf.o)
                0x000000000000d058                __sprint_r
 .text._vfiprintf_r
                0x000000000000d078      0xd98 /opt/nordic/ncs/toolchains/f8037e9b83/opt/zephyr-sdk/arm-zephyr-eabi/arm-zephyr-eabi/lib/thumb/v7e-m/nofp/libc.a(lib_a-vfiprintf.o)
                0x000000000000d078                _vfiprintf_r
 .text.__sbprintf
                0x000000000000de10       0x80 /opt/nordic/ncs/toolchains/f8037e9b83/opt/zephyr-sdk/arm-zephyr-eabi/arm-zephyr-eabi/lib/thumb/v7e-m/nofp/libc.a(lib_a-vfiprintf.o)
 .text._write_r
                0x000000000000de90       0x2c /opt/nordic/ncs/toolchains/f8037e9b83/opt/zephyr-sdk/arm-zephyr-eabi/arm-zephyr-eabi/lib/thumb/v7e-m/nofp/libc.a(lib_a-writer.o)
                0x000000000000de90                _write_r
 .text.__assert_func
                0x000000000000debc       0x40 /opt/nordic/ncs/toolchains/f8037e9b83/opt/zephyr-sdk/arm-zephyr-eabi/arm-zephyr-eabi/lib/thumb/v7e-m/nofp/libc.a(lib_a-assert.o)
                0x000000000000debc                __assert_func
 .text._calloc_r
                0x000000000000defc       0x60 /opt/nordic/ncs/toolchains/f8037e9b83/opt/zephyr-sdk/arm-zephyr-eabi/arm-zephyr-eabi/lib/thumb/v7e-m/nofp/libc.a(lib_a-callocr.o)
                0x000000000000defc                _calloc_r
 .text._close_r
                0x000000000000df5c       0x24 /opt/nordic/ncs/toolchains/f8037e9b83/opt/zephyr-sdk/arm-zephyr-eabi/arm-zephyr-eabi/lib/thumb/v7e-m/nofp/libc.a(lib_a-closer.o)
                0x000000000000df5c                _close_r
 .text.fiprintf
                0x000000000000df80       0x28 /opt/nordic/ncs/toolchains/f8037e9b83/opt/zephyr-sdk/arm-zephyr-eabi/arm-zephyr-eabi/lib/thumb/v7e-m/nofp/libc.a(lib_a-fiprintf.o)
                0x000000000000df80                fiprintf
 .text._fstat_r
                0x000000000000dfa8       0x2c /opt/nordic/ncs/toolchains/f8037e9b83/opt/zephyr-sdk/arm-zephyr-eabi/arm-zephyr-eabi/lib/thumb/v7e-m/nofp/libc.a(lib_a-fstatr.o)
                0x000000000000dfa8                _fstat_r
 .text._isatty_r
                0x000000000000dfd4       0x24 /opt/nordic/ncs/toolchains/f8037e9b83/opt/zephyr-sdk/arm-zephyr-eabi/arm-zephyr-eabi/lib/thumb/v7e-m/nofp/libc.a(lib_a-isattyr.o)
                0x000000000000dfd4                _isatty_r
 .text._lseek_r
                0x000000000000dff8       0x2c /opt/nordic/ncs/toolchains/f8037e9b83/opt/zephyr-sdk/arm-zephyr-eabi/arm-zephyr-eabi/lib/thumb/v7e-m/nofp/libc.a(lib_a-lseekr.o)
                0x000000000000dff8                _lseek_r
 .text.__ascii_mbtowc
                0x000000000000e024       0x2c /opt/nordic/ncs/toolchains/f8037e9b83/opt/zephyr-sdk/arm-zephyr-eabi/arm-zephyr-eabi/lib/thumb/v7e-m/nofp/libc.a(lib_a-mbtowc_r.o)
                0x000000000000e024                __ascii_mbtowc
 .text._read_r  0x000000000000e050       0x2c /opt/nordic/ncs/toolchains/f8037e9b83/opt/zephyr-sdk/arm-zephyr-eabi/arm-zephyr-eabi/lib/thumb/v7e-m/nofp/libc.a(lib_a-readr.o)
                0x000000000000e050                _read_r
 .text.__ascii_wctomb
                0x000000000000e07c       0x1c /opt/nordic/ncs/toolchains/f8037e9b83/opt/zephyr-sdk/arm-zephyr-eabi/arm-zephyr-eabi/lib/thumb/v7e-m/nofp/libc.a(lib_a-wctomb_r.o)
                0x000000000000e07c                __ascii_wctomb
 .text.nrf_cc3xx_platform_init_no_rng
                0x000000000000e098       0x38 /opt/nordic/ncs/v2.7.0/nrfxlib/crypto/nrf_cc310_platform/lib/cortex-m4/soft-float/no-interrupts/libnrf_cc310_platform_0.9.19.a(nrf_cc3xx_platform.c.obj)
                0x000000000000e098                nrf_cc3xx_platform_init_no_rng
 .text.nrf_cc3xx_platform_abort
                0x000000000000e0d0       0x24 /opt/nordic/ncs/v2.7.0/nrfxlib/crypto/nrf_cc310_platform/lib/cortex-m4/soft-float/no-interrupts/libnrf_cc310_platform_0.9.19.a(nrf_cc3xx_platform_abort.c.obj)
 .text.CC_PalAbort
                0x000000000000e0f4       0x34 /opt/nordic/ncs/v2.7.0/nrfxlib/crypto/nrf_cc310_platform/lib/cortex-m4/soft-float/no-interrupts/libnrf_cc310_platform_0.9.19.a(nrf_cc3xx_platform_abort.c.obj)
                0x000000000000e0f4                CC_PalAbort
 .text.nrf_cc3xx_platform_set_abort
                0x000000000000e128       0x10 /opt/nordic/ncs/v2.7.0/nrfxlib/crypto/nrf_cc310_platform/lib/cortex-m4/soft-float/no-interrupts/libnrf_cc310_platform_0.9.19.a(nrf_cc3xx_platform_abort.c.obj)
                0x000000000000e128                nrf_cc3xx_platform_set_abort
 .text.mutex_free
                0x000000000000e138       0x34 /opt/nordic/ncs/v2.7.0/nrfxlib/crypto/nrf_cc310_platform/lib/cortex-m4/soft-float/no-interrupts/libnrf_cc310_platform_0.9.19.a(nrf_cc3xx_platform_mutex.c.obj)
 .text.mutex_lock
                0x000000000000e16c       0x48 /opt/nordic/ncs/v2.7.0/nrfxlib/crypto/nrf_cc310_platform/lib/cortex-m4/soft-float/no-interrupts/libnrf_cc310_platform_0.9.19.a(nrf_cc3xx_platform_mutex.c.obj)
 .text.mutex_unlock
                0x000000000000e1b4       0x38 /opt/nordic/ncs/v2.7.0/nrfxlib/crypto/nrf_cc310_platform/lib/cortex-m4/soft-float/no-interrupts/libnrf_cc310_platform_0.9.19.a(nrf_cc3xx_platform_mutex.c.obj)
 .text.mutex_init
                0x000000000000e1ec       0x20 /opt/nordic/ncs/v2.7.0/nrfxlib/crypto/nrf_cc310_platform/lib/cortex-m4/soft-float/no-interrupts/libnrf_cc310_platform_0.9.19.a(nrf_cc3xx_platform_mutex.c.obj)
 .text.nrf_cc3xx_platform_set_mutexes
                0x000000000000e20c       0x74 /opt/nordic/ncs/v2.7.0/nrfxlib/crypto/nrf_cc310_platform/lib/cortex-m4/soft-float/no-interrupts/libnrf_cc310_platform_0.9.19.a(nrf_cc3xx_platform_mutex.c.obj)
                0x000000000000e20c                nrf_cc3xx_platform_set_mutexes
 .text.CC_LibInitNoRng
                0x000000000000e280       0x64 /opt/nordic/ncs/v2.7.0/nrfxlib/crypto/nrf_cc310_platform/lib/cortex-m4/soft-float/no-interrupts/libnrf_cc310_platform_0.9.19.a(cc_lib.c.obj)
                0x000000000000e280                CC_LibInitNoRng
 .text.CC_HalInit
                0x000000000000e2e4        0x4 /opt/nordic/ncs/v2.7.0/nrfxlib/crypto/nrf_cc310_platform/lib/cortex-m4/soft-float/no-interrupts/libnrf_cc310_platform_0.9.19.a(cc_hal.c.obj)
                0x000000000000e2e4                CC_HalInit
 .text.CC_HalTerminate
                0x000000000000e2e8        0x4 /opt/nordic/ncs/v2.7.0/nrfxlib/crypto/nrf_cc310_platform/lib/cortex-m4/soft-float/no-interrupts/libnrf_cc310_platform_0.9.19.a(cc_hal.c.obj)
                0x000000000000e2e8                CC_HalTerminate
 .text.CC_HalMaskInterrupt
                0x000000000000e2ec        0xc /opt/nordic/ncs/v2.7.0/nrfxlib/crypto/nrf_cc310_platform/lib/cortex-m4/soft-float/no-interrupts/libnrf_cc310_platform_0.9.19.a(cc_hal.c.obj)
                0x000000000000e2ec                CC_HalMaskInterrupt
 .text.CC_PalInit
                0x000000000000e2f8       0x5c /opt/nordic/ncs/v2.7.0/nrfxlib/crypto/nrf_cc310_platform/lib/cortex-m4/soft-float/no-interrupts/libnrf_cc310_platform_0.9.19.a(cc_pal.c.obj)
                0x000000000000e2f8                CC_PalInit
 .text.CC_PalTerminate
                0x000000000000e354       0x34 /opt/nordic/ncs/v2.7.0/nrfxlib/crypto/nrf_cc310_platform/lib/cortex-m4/soft-float/no-interrupts/libnrf_cc310_platform_0.9.19.a(cc_pal.c.obj)
                0x000000000000e354                CC_PalTerminate
 .text.CC_PalDmaInit
                0x000000000000e388        0x4 /opt/nordic/ncs/v2.7.0/nrfxlib/crypto/nrf_cc310_platform/lib/cortex-m4/soft-float/no-interrupts/libnrf_cc310_platform_0.9.19.a(cc_pal_dma.c.obj)
                0x000000000000e388                CC_PalDmaInit
 .text.CC_PalDmaTerminate
                0x000000000000e38c        0x4 /opt/nordic/ncs/v2.7.0/nrfxlib/crypto/nrf_cc310_platform/lib/cortex-m4/soft-float/no-interrupts/libnrf_cc310_platform_0.9.19.a(cc_pal_dma.c.obj)
                0x000000000000e38c                CC_PalDmaTerminate
 .text.CC_PalMutexCreate
                0x000000000000e390       0x14 /opt/nordic/ncs/v2.7.0/nrfxlib/crypto/nrf_cc310_platform/lib/cortex-m4/soft-float/no-interrupts/libnrf_cc310_platform_0.9.19.a(cc_pal_mutex.c.obj)
                0x000000000000e390                CC_PalMutexCreate
 .text.CC_PalMutexDestroy
                0x000000000000e3a4       0x14 /opt/nordic/ncs/v2.7.0/nrfxlib/crypto/nrf_cc310_platform/lib/cortex-m4/soft-float/no-interrupts/libnrf_cc310_platform_0.9.19.a(cc_pal_mutex.c.obj)
                0x000000000000e3a4                CC_PalMutexDestroy
 .text.CC_PalPowerSaveModeInit
                0x000000000000e3b8       0x3c /opt/nordic/ncs/v2.7.0/nrfxlib/crypto/nrf_cc310_platform/lib/cortex-m4/soft-float/no-interrupts/libnrf_cc310_platform_0.9.19.a(cc_pal_pm.c.obj)
                0x000000000000e3b8                CC_PalPowerSaveModeInit
 .text.CC_PalPowerSaveModeSelect
                0x000000000000e3f4       0x84 /opt/nordic/ncs/v2.7.0/nrfxlib/crypto/nrf_cc310_platform/lib/cortex-m4/soft-float/no-interrupts/libnrf_cc310_platform_0.9.19.a(cc_pal_pm.c.obj)
                0x000000000000e3f4                CC_PalPowerSaveModeSelect
 .text._OffsetAbsSyms
                0x000000000000e478        0x2 zephyr/CMakeFiles/offsets.dir/./arch/arm/core/offsets/offsets.c.obj
                0x000000000000e478                _OffsetAbsSyms
 .text.null_ptr_check
                0x000000000000e47a       0x1c app/libapp.a(bme68x.c.obj)
 .text.boundary_check
                0x000000000000e496       0x28 app/libapp.a(bme68x.c.obj)
 .text.set_mem_page
                0x000000000000e4be       0x6e app/libapp.a(bme68x.c.obj)
 .text.get_mem_page
                0x000000000000e52c       0x32 app/libapp.a(bme68x.c.obj)
 .text.bme68x_set_regs
                0x000000000000e55e       0x94 app/libapp.a(bme68x.c.obj)
                0x000000000000e55e                bme68x_set_regs
 .text.bme68x_get_regs
                0x000000000000e5f2       0x50 app/libapp.a(bme68x.c.obj)
                0x000000000000e5f2                bme68x_get_regs
 .text.bme68x_soft_reset
                0x000000000000e642       0x60 app/libapp.a(bme68x.c.obj)
                0x000000000000e642                bme68x_soft_reset
 .text.bme68x_init
                0x000000000000e6a2      0x136 app/libapp.a(bme68x.c.obj)
                0x000000000000e6a2                bme68x_init
 .text.bme68x_set_op_mode
                0x000000000000e7d8       0x7a app/libapp.a(bme68x.c.obj)
                0x000000000000e7d8                bme68x_set_op_mode
 .text.bme68x_get_op_mode
                0x000000000000e852       0x28 app/libapp.a(bme68x.c.obj)
                0x000000000000e852                bme68x_get_op_mode
 .text.i2c_burst_write_dt
                0x000000000000e87a       0x36 app/libapp.a(bme688.c.obj)
 .text.main     0x000000000000e8b0       0x16 app/libapp.a(main.c.obj)
                0x000000000000e8b0                main
 .text.z_log_msg_runtime_create.constprop.0
                0x000000000000e8c6       0x20 app/libapp.a(bme688Facade.c.obj)
 .text.z_cpp_init_static
                0x000000000000e8e6        0xe zephyr/libzephyr.a(cpp_init.c.obj)
                0x000000000000e8e6                z_cpp_init_static
 .text.cbpprintf_external
                0x000000000000e8f4       0x62 zephyr/libzephyr.a(cbprintf_packaged.c.obj)
                0x000000000000e8f4                cbpprintf_external
 .text.arch_printk_char_out
                0x000000000000e956        0x4 zephyr/libzephyr.a(printk.c.obj)
                0x000000000000e956                arch_printk_char_out
 .text.printk   0x000000000000e95a       0x1a zephyr/libzephyr.a(printk.c.obj)
                0x000000000000e95a                printk
 .text.z_thread_entry
                0x000000000000e974       0x14 zephyr/libzephyr.a(thread_entry.c.obj)
                0x000000000000e974                z_thread_entry
 .text.outs     0x000000000000e988       0x2e zephyr/libzephyr.a(cbprintf_complete.c.obj)
 .text.process_recheck
                0x000000000000e9b6       0x38 zephyr/libzephyr.a(onoff.c.obj)
 .text.validate_args
                0x000000000000e9ee       0x20 zephyr/libzephyr.a(onoff.c.obj)
 .text.notify_one
                0x000000000000ea0e       0x2c zephyr/libzephyr.a(onoff.c.obj)
 .text.transition_complete
                0x000000000000ea3a       0x1a zephyr/libzephyr.a(onoff.c.obj)
 .text.onoff_manager_init
                0x000000000000ea54       0x26 zephyr/libzephyr.a(onoff.c.obj)
                0x000000000000ea54                onoff_manager_init
 .text.onoff_request
                0x000000000000ea7a       0xae zephyr/libzephyr.a(onoff.c.obj)
                0x000000000000ea7a                onoff_request
 .text.onoff_release
                0x000000000000eb28       0x48 zephyr/libzephyr.a(onoff.c.obj)
                0x000000000000eb28                onoff_release
 .text.sys_notify_validate
                0x000000000000eb70       0x22 zephyr/libzephyr.a(notify.c.obj)
                0x000000000000eb70                sys_notify_validate
 .text.sys_notify_finalize
                0x000000000000eb92       0x1a zephyr/libzephyr.a(notify.c.obj)
                0x000000000000eb92                sys_notify_finalize
 .text._ConfigAbsSyms
                0x000000000000ebac        0x2 zephyr/libzephyr.a(configs.c.obj)
                0x000000000000ebac                _ConfigAbsSyms
 .text.dummy_timestamp
                0x000000000000ebae        0x4 zephyr/libzephyr.a(log_core.c.obj)
 .text.default_get_timestamp
                0x000000000000ebb2        0x4 zephyr/libzephyr.a(log_core.c.obj)
 .text.atomic_inc
                0x000000000000ebb6       0x1a zephyr/libzephyr.a(log_core.c.obj)
 .text.enable_logger
                0x000000000000ebd0        0xe zephyr/libzephyr.a(log_core.c.obj)
 .text.z_log_vprintk
                0x000000000000ebde       0x1c zephyr/libzephyr.a(log_core.c.obj)
                0x000000000000ebde                z_log_vprintk
 .text.z_log_notify_backend_enabled
                0x000000000000ebfa        0x2 zephyr/libzephyr.a(log_core.c.obj)
                0x000000000000ebfa                z_log_notify_backend_enabled
 .text.z_log_get_tag
                0x000000000000ebfc        0x4 zephyr/libzephyr.a(log_core.c.obj)
                0x000000000000ebfc                z_log_get_tag
 .text.z_log_msg_finalize
                0x000000000000ec00       0x32 zephyr/libzephyr.a(log_msg.c.obj)
                0x000000000000ec00                z_log_msg_finalize
 .text.out_func
                0x000000000000ec32       0x1c zephyr/libzephyr.a(log_output.c.obj)
 .text.cr_out_func
                0x000000000000ec4e       0x1c zephyr/libzephyr.a(log_output.c.obj)
 .text.buffer_write
                0x000000000000ec6a       0x1c zephyr/libzephyr.a(log_output.c.obj)
 .text.cbvprintf
                0x000000000000ec86        0xe zephyr/libzephyr.a(log_output.c.obj)
 .text.log_output_flush
                0x000000000000ec94       0x1a zephyr/libzephyr.a(log_output.c.obj)
                0x000000000000ec94                log_output_flush
 .text.log_output_msg_process
                0x000000000000ecae       0x6a zephyr/libzephyr.a(log_output.c.obj)
                0x000000000000ecae                log_output_msg_process
 .text.format_set
                0x000000000000ed18        0xc zephyr/libzephyr.a(log_backend_uart.c.obj)
 .text.log_backend_uart_init
                0x000000000000ed24        0xc zephyr/libzephyr.a(log_backend_uart.c.obj)
 .text.panic    0x000000000000ed30       0x10 zephyr/libzephyr.a(log_backend_uart.c.obj)
 .text.process  0x000000000000ed40       0x1e zephyr/libzephyr.a(log_backend_uart.c.obj)
 .text.abort_function
                0x000000000000ed5e        0x2 zephyr/libzephyr.a(nrf_cc3xx_platform_abort_zephyr.c.obj)
 .text.z_log_msg_runtime_create.constprop.0
                0x000000000000ed60       0x20 zephyr/arch/arch/arm/core/libarch__arm__core.a(fatal.c.obj)
 .text.z_do_kernel_oops
                0x000000000000ed80        0x8 zephyr/arch/arch/arm/core/libarch__arm__core.a(fatal.c.obj)
                0x000000000000ed80                z_do_kernel_oops
 .text.z_arm_nmi
                0x000000000000ed88        0xe zephyr/arch/arch/arm/core/libarch__arm__core.a(nmi.c.obj)
                0x000000000000ed88                z_arm_nmi
 .text.z_log_msg_runtime_create.constprop.0
                0x000000000000ed96       0x20 zephyr/arch/arch/arm/core/cortex_m/libarch__arm__core__cortex_m.a(fault.c.obj)
 .text.z_irq_spurious
                0x000000000000edb6        0x8 zephyr/arch/arch/arm/core/cortex_m/libarch__arm__core__cortex_m.a(irq_manage.c.obj)
                0x000000000000edb6                z_irq_spurious
 .text.arch_irq_unlock_outlined
                0x000000000000edbe        0xe zephyr/arch/arch/arm/core/cortex_m/libarch__arm__core__cortex_m.a(thread.c.obj)
                0x000000000000edbe                arch_irq_unlock_outlined
 .text.arch_cpu_idle
                0x000000000000edcc       0x1a zephyr/arch/arch/arm/core/cortex_m/libarch__arm__core__cortex_m.a(cpu_idle.c.obj)
                0x000000000000edcc                arch_cpu_idle
 .text.arch_cpu_atomic_idle
                0x000000000000ede6       0x1e zephyr/arch/arch/arm/core/cortex_m/libarch__arm__core__cortex_m.a(cpu_idle.c.obj)
                0x000000000000ede6                arch_cpu_atomic_idle
 .text.size_to_mpu_rasr_size
                0x000000000000ee04       0x20 zephyr/arch/arch/arm/core/mpu/libarch__arm__core__mpu.a(arm_mpu.c.obj)
 .text.z_log_msg_runtime_create.constprop.0
                0x000000000000ee24       0x20 zephyr/arch/arch/arm/core/mpu/libarch__arm__core__mpu.a(arm_mpu.c.obj)
 .text.malloc_prepare
                0x000000000000ee44        0x4 zephyr/lib/libc/newlib/liblib__libc__newlib.a(libc-hooks.c.obj)
 .text._stdout_hook_default
                0x000000000000ee48        0x6 zephyr/lib/libc/newlib/liblib__libc__newlib.a(libc-hooks.c.obj)
 .text._stdin_hook_default
                0x000000000000ee4e        0x4 zephyr/lib/libc/newlib/liblib__libc__newlib.a(libc-hooks.c.obj)
 .text._read    0x000000000000ee52        0x8 zephyr/lib/libc/newlib/liblib__libc__newlib.a(libc-hooks.c.obj)
                0x000000000000ee52                read
                0x000000000000ee52                _read
 .text._write   0x000000000000ee5a        0x8 zephyr/lib/libc/newlib/liblib__libc__newlib.a(libc-hooks.c.obj)
                0x000000000000ee5a                write
                0x000000000000ee5a                _write
 .text._close   0x000000000000ee62        0x6 zephyr/lib/libc/newlib/liblib__libc__newlib.a(libc-hooks.c.obj)
                0x000000000000ee62                close
                0x000000000000ee62                _close
 .text._lseek   0x000000000000ee68        0x4 zephyr/lib/libc/newlib/liblib__libc__newlib.a(libc-hooks.c.obj)
                0x000000000000ee68                lseek
                0x000000000000ee68                _lseek
 .text._isatty  0x000000000000ee6c        0xa zephyr/lib/libc/newlib/liblib__libc__newlib.a(libc-hooks.c.obj)
                0x000000000000ee6c                isatty
                0x000000000000ee6c                _isatty
 .text._fstat   0x000000000000ee76        0xa zephyr/lib/libc/newlib/liblib__libc__newlib.a(libc-hooks.c.obj)
                0x000000000000ee76                _fstat
                0x000000000000ee76                fstat
 .text.__retarget_lock_init_recursive
                0x000000000000ee80       0x14 zephyr/lib/libc/newlib/liblib__libc__newlib.a(libc-hooks.c.obj)
                0x000000000000ee80                __retarget_lock_init_recursive
 .text.__retarget_lock_close_recursive
                0x000000000000ee94        0x4 zephyr/lib/libc/newlib/liblib__libc__newlib.a(libc-hooks.c.obj)
                0x000000000000ee94                __retarget_lock_close_recursive
 .text.__retarget_lock_acquire_recursive
                0x000000000000ee98        0xc zephyr/lib/libc/newlib/liblib__libc__newlib.a(libc-hooks.c.obj)
                0x000000000000ee98                __retarget_lock_acquire_recursive
 .text.__retarget_lock_release_recursive
                0x000000000000eea4        0x4 zephyr/lib/libc/newlib/liblib__libc__newlib.a(libc-hooks.c.obj)
                0x000000000000eea4                __retarget_lock_release_recursive
 .text.get_status
                0x000000000000eea8       0x12 zephyr/drivers/clock_control/libdrivers__clock_control.a(clock_control_nrf.c.obj)
 .text.stop     0x000000000000eeba       0x50 zephyr/drivers/clock_control/libdrivers__clock_control.a(clock_control_nrf.c.obj)
 .text.api_stop
                0x000000000000ef0a        0x6 zephyr/drivers/clock_control/libdrivers__clock_control.a(clock_control_nrf.c.obj)
 .text.async_start
                0x000000000000ef10       0x5a zephyr/drivers/clock_control/libdrivers__clock_control.a(clock_control_nrf.c.obj)
 .text.api_start
                0x000000000000ef6a        0xe zephyr/drivers/clock_control/libdrivers__clock_control.a(clock_control_nrf.c.obj)
 .text.onoff_started_callback
                0x000000000000ef78        0xc zephyr/drivers/clock_control/libdrivers__clock_control.a(clock_control_nrf.c.obj)
 .text.lfclk_start
                0x000000000000ef84        0x6 zephyr/drivers/clock_control/libdrivers__clock_control.a(clock_control_nrf.c.obj)
 .text.lfclk_stop
                0x000000000000ef8a        0x6 zephyr/drivers/clock_control/libdrivers__clock_control.a(clock_control_nrf.c.obj)
 .text.blocking_start_callback
                0x000000000000ef90        0x6 zephyr/drivers/clock_control/libdrivers__clock_control.a(clock_control_nrf.c.obj)
 .text.gpio_nrfx_port_get_raw
                0x000000000000ef96        0xe zephyr/drivers/gpio/libdrivers__gpio.a(gpio_nrfx.c.obj)
 .text.gpio_nrfx_port_set_masked_raw
                0x000000000000efa4       0x18 zephyr/drivers/gpio/libdrivers__gpio.a(gpio_nrfx.c.obj)
 .text.gpio_nrfx_port_set_bits_raw
                0x000000000000efbc        0xc zephyr/drivers/gpio/libdrivers__gpio.a(gpio_nrfx.c.obj)
 .text.gpio_nrfx_port_clear_bits_raw
                0x000000000000efc8        0xc zephyr/drivers/gpio/libdrivers__gpio.a(gpio_nrfx.c.obj)
 .text.gpio_nrfx_port_toggle_bits
                0x000000000000efd4       0x1a zephyr/drivers/gpio/libdrivers__gpio.a(gpio_nrfx.c.obj)
 .text.gpio_nrfx_manage_callback
                0x000000000000efee       0x52 zephyr/drivers/gpio/libdrivers__gpio.a(gpio_nrfx.c.obj)
 .text.irq_connect0
                0x000000000000f040        0xa zephyr/drivers/i2c/libdrivers__i2c.a(i2c_nrfx_twim.c.obj)
 .text.z_log_msg_runtime_create.constprop.0
                0x000000000000f04a       0x20 zephyr/drivers/i2c/libdrivers__i2c.a(i2c_nrfx_twim.c.obj)
 .text.pinctrl_apply_state.constprop.0
                0x000000000000f06a       0x20 zephyr/drivers/i2c/libdrivers__i2c.a(i2c_nrfx_twim.c.obj)
 .text.pinctrl_lookup_state
                0x000000000000f08a       0x26 zephyr/drivers/pinctrl/libdrivers__pinctrl.a(common.c.obj)
                0x000000000000f08a                pinctrl_lookup_state
 .text.uarte_nrfx_err_check
                0x000000000000f0b0        0xe zephyr/drivers/serial/libdrivers__serial.a(uart_nrfx_uarte.c.obj)
 .text.uarte_nrfx_poll_in
                0x000000000000f0be       0x28 zephyr/drivers/serial/libdrivers__serial.a(uart_nrfx_uarte.c.obj)
 .text.is_tx_ready.isra.0
                0x000000000000f0e6       0x20 zephyr/drivers/serial/libdrivers__serial.a(uart_nrfx_uarte.c.obj)
 .text.uarte_nrfx_isr_int
                0x000000000000f106       0x6e zephyr/drivers/serial/libdrivers__serial.a(uart_nrfx_uarte.c.obj)
 .text.event_clear
                0x000000000000f174       0x18 zephyr/drivers/timer/libdrivers__timer.a(nrf_rtc_timer.c.obj)
 .text.sys_clock_cycle_get_32
                0x000000000000f18c        0x8 zephyr/drivers/timer/libdrivers__timer.a(nrf_rtc_timer.c.obj)
                0x000000000000f18c                sys_clock_cycle_get_32
 .text.hw_cc3xx_init_internal
                0x000000000000f194        0x4 modules/nrf/drivers/hw_cc3xx/lib..__nrf__drivers__hw_cc3xx.a(hw_cc3xx.c.obj)
 .text.hw_cc3xx_init
                0x000000000000f198       0x12 modules/nrf/drivers/hw_cc3xx/lib..__nrf__drivers__hw_cc3xx.a(hw_cc3xx.c.obj)
 .text.nrfx_isr
                0x000000000000f1aa        0x2 modules/hal_nordic/nrfx/libmodules__hal_nordic__nrfx.a(nrfx_glue.c.obj)
                0x000000000000f1aa                nrfx_isr
 .text.nrfx_busy_wait
                0x000000000000f1ac        0x4 modules/hal_nordic/nrfx/libmodules__hal_nordic__nrfx.a(nrfx_glue.c.obj)
                0x000000000000f1ac                nrfx_busy_wait
 .text.nrfx_gppi_channel_endpoints_setup
                0x000000000000f1b0       0x14 modules/hal_nordic/nrfx/libmodules__hal_nordic__nrfx.a(nrfx_gppi_ppi.c.obj)
                0x000000000000f1b0                nrfx_gppi_channel_endpoints_setup
 .text.nrfx_clock_stop
                0x000000000000f1c4        0x4 modules/hal_nordic/nrfx/libmodules__hal_nordic__nrfx.a(nrfx_clock.c.obj)
                0x000000000000f1c4                nrfx_clock_stop
 .text.nrf_gpio_reconfigure
                0x000000000000f1c8       0x92 modules/hal_nordic/nrfx/libmodules__hal_nordic__nrfx.a(nrfx_gpiote.c.obj)
 .text.nrf_gpio_cfg_sense_set
                0x000000000000f25a       0x1e modules/hal_nordic/nrfx/libmodules__hal_nordic__nrfx.a(nrfx_gpiote.c.obj)
 .text.pin_trigger_disable
                0x000000000000f278       0x48 modules/hal_nordic/nrfx/libmodules__hal_nordic__nrfx.a(nrfx_gpiote.c.obj)
 .text.nrfx_gpiote_pin_uninit
                0x000000000000f2c0        0x4 modules/hal_nordic/nrfx/libmodules__hal_nordic__nrfx.a(nrfx_gpiote.c.obj)
                0x000000000000f2c0                nrfx_gpiote_pin_uninit
 .text.nrfx_gpiote_trigger_disable
                0x000000000000f2c4        0x4 modules/hal_nordic/nrfx/libmodules__hal_nordic__nrfx.a(nrfx_gpiote.c.obj)
                0x000000000000f2c4                nrfx_gpiote_trigger_disable
 .text.xfer_completeness_check
                0x000000000000f2c8       0x62 modules/hal_nordic/nrfx/libmodules__hal_nordic__nrfx.a(nrfx_twim.c.obj)
 .text.pins_configure
                0x000000000000f32a       0x24 modules/hal_nordic/nrfx/libmodules__hal_nordic__nrfx.a(nrfx_twim.c.obj)
 .text.__nrfy_internal_twim_event_handle.isra.0
                0x000000000000f34e       0x22 modules/hal_nordic/nrfx/libmodules__hal_nordic__nrfx.a(nrfx_twim.c.obj)
 .text.__nrfy_internal_twim_events_process.constprop.0
                0x000000000000f370       0x54 modules/hal_nordic/nrfx/libmodules__hal_nordic__nrfx.a(nrfx_twim.c.obj)
 .text.nrf_gpio_pin_set
                0x000000000000f3c4       0x1a modules/hal_nordic/nrfx/libmodules__hal_nordic__nrfx.a(nrfx_twi_twim.c.obj)
 .text.SEGGER_RTT_Init
                0x000000000000f3de        0x4 modules/segger/libmodules__segger.a(SEGGER_RTT.c.obj)
                0x000000000000f3de                SEGGER_RTT_Init
 .text.rtt_init
                0x000000000000f3e2        0xa modules/segger/libmodules__segger.a(SEGGER_RTT_zephyr.c.obj)
 .text.z_impl_k_busy_wait
                0x000000000000f3ec        0x8 zephyr/kernel/libkernel.a(busy_wait.c.obj)
                0x000000000000f3ec                z_impl_k_busy_wait
 .text.z_device_state_init
                0x000000000000f3f4        0x2 zephyr/kernel/libkernel.a(device.c.obj)
                0x000000000000f3f4                z_device_state_init
 .text.z_device_is_ready
                0x000000000000f3f6       0x16 zephyr/kernel/libkernel.a(device.c.obj)
                0x000000000000f3f6                z_device_is_ready
 .text.z_log_msg_runtime_create.constprop.0
                0x000000000000f40c       0x20 zephyr/kernel/libkernel.a(fatal.c.obj)
 .text.arch_system_halt
                0x000000000000f42c       0x10 zephyr/kernel/libkernel.a(fatal.c.obj)
                0x000000000000f42c                arch_system_halt
 .text.do_device_init
                0x000000000000f43c       0x30 zephyr/kernel/libkernel.a(init.c.obj)
 .text.z_early_memset
                0x000000000000f46c        0x4 zephyr/kernel/libkernel.a(init.c.obj)
                0x000000000000f46c                z_early_memset
 .text.z_early_memcpy
                0x000000000000f470        0x4 zephyr/kernel/libkernel.a(init.c.obj)
                0x000000000000f470                z_early_memcpy
 .text.create_free_list
                0x000000000000f474       0x2c zephyr/kernel/libkernel.a(mem_slab.c.obj)
 .text.k_mem_slab_init
                0x000000000000f4a0       0x1e zephyr/kernel/libkernel.a(mem_slab.c.obj)
                0x000000000000f4a0                k_mem_slab_init
 .text.k_mem_slab_free
                0x000000000000f4be       0x4a zephyr/kernel/libkernel.a(mem_slab.c.obj)
                0x000000000000f4be                k_mem_slab_free
 .text.idle     0x000000000000f508       0x16 zephyr/kernel/libkernel.a(idle.c.obj)
                0x000000000000f508                idle
 .text.adjust_owner_prio.isra.0
                0x000000000000f51e       0x10 zephyr/kernel/libkernel.a(mutex.c.obj)
 .text.z_impl_k_mutex_init
                0x000000000000f52e        0xe zephyr/kernel/libkernel.a(mutex.c.obj)
                0x000000000000f52e                z_impl_k_mutex_init
 .text.z_impl_k_sem_init
                0x000000000000f53c       0x18 zephyr/kernel/libkernel.a(sem.c.obj)
                0x000000000000f53c                z_impl_k_sem_init
 .text.k_is_in_isr
                0x000000000000f554        0xc zephyr/kernel/libkernel.a(thread.c.obj)
                0x000000000000f554                k_is_in_isr
 .text.k_thread_name_get
                0x000000000000f560        0x4 zephyr/kernel/libkernel.a(thread.c.obj)
                0x000000000000f560                k_thread_name_get
 .text.z_impl_k_thread_start
                0x000000000000f564        0x4 zephyr/kernel/libkernel.a(thread.c.obj)
                0x000000000000f564                z_impl_k_thread_start
 .text.sys_dlist_remove
                0x000000000000f568       0x10 zephyr/kernel/libkernel.a(sched.c.obj)
 .text.unpend_thread_no_timeout